<?xml version="1.0" encoding="ISO-8859-1" ?>
<link_info>
   <banner>TI ARM Linker PC v18.1.3.LTS</banner>
   <copyright>Copyright (c) 1996-2017 Texas Instruments Incorporated</copyright>
   <link_time>0x5ba64ae1</link_time>
   <link_errors>0x0</link_errors>
   <output_file>HFPDemo_HF.out</output_file>
   <entry_point>
      <name>_c_int00_noargs</name>
      <address>0x26c09</address>
   </entry_point>
   <input_file_list>
      <input_file id="fl-2">
         <path>.\Application\</path>
         <kind>object</kind>
         <file>HFPDemo_HF.obj</file>
         <name>HFPDemo_HF.obj</name>
      </input_file>
      <input_file id="fl-3">
         <path>.\Application\</path>
         <kind>object</kind>
         <file>Main.obj</file>
         <name>Main.obj</name>
      </input_file>
      <input_file id="fl-4">
         <path>.\Bluetopia\btpskrnl\</path>
         <kind>object</kind>
         <file>BTPSKRNL.obj</file>
         <name>BTPSKRNL.obj</name>
      </input_file>
      <input_file id="fl-5">
         <path>.\Bluetopia\btpsvend\</path>
         <kind>object</kind>
         <file>BTPSVEND.obj</file>
         <name>BTPSVEND.obj</name>
      </input_file>
      <input_file id="fl-6">
         <path>.\Bluetopia\btvs\</path>
         <kind>object</kind>
         <file>BTVS.obj</file>
         <name>BTVS.obj</name>
      </input_file>
      <input_file id="fl-7">
         <path>.\Bluetopia\hcitrans\</path>
         <kind>object</kind>
         <file>HCITRANS.obj</file>
         <name>HCITRANS.obj</name>
      </input_file>
      <input_file id="fl-8">
         <path>.\Platforms\MSP-EXP432P401R\</path>
         <kind>object</kind>
         <file>CC3200AUDBOOST.obj</file>
         <name>CC3200AUDBOOST.obj</name>
      </input_file>
      <input_file id="fl-9">
         <path>.\Platforms\MSP-EXP432P401R\</path>
         <kind>object</kind>
         <file>HAL.obj</file>
         <name>HAL.obj</name>
      </input_file>
      <input_file id="fl-a">
         <path>.\Platforms\MSP-EXP432P401R\ccs\</path>
         <kind>object</kind>
         <file>msp432_startup_ccs.obj</file>
         <name>msp432_startup_ccs.obj</name>
      </input_file>
      <input_file id="fl-b">
         <path>.\Platforms\driverlib\</path>
         <kind>object</kind>
         <file>cpu.obj</file>
         <name>cpu.obj</name>
      </input_file>
      <input_file id="fl-c">
         <path>.\Platforms\driverlib\</path>
         <kind>object</kind>
         <file>cs.obj</file>
         <name>cs.obj</name>
      </input_file>
      <input_file id="fl-d">
         <path>.\Platforms\driverlib\</path>
         <kind>object</kind>
         <file>flash.obj</file>
         <name>flash.obj</name>
      </input_file>
      <input_file id="fl-e">
         <path>.\Platforms\driverlib\</path>
         <kind>object</kind>
         <file>gpio.obj</file>
         <name>gpio.obj</name>
      </input_file>
      <input_file id="fl-f">
         <path>.\Platforms\driverlib\</path>
         <kind>object</kind>
         <file>i2c.obj</file>
         <name>i2c.obj</name>
      </input_file>
      <input_file id="fl-10">
         <path>.\Platforms\driverlib\</path>
         <kind>object</kind>
         <file>interrupt.obj</file>
         <name>interrupt.obj</name>
      </input_file>
      <input_file id="fl-11">
         <path>.\Platforms\driverlib\</path>
         <kind>object</kind>
         <file>pcm.obj</file>
         <name>pcm.obj</name>
      </input_file>
      <input_file id="fl-12">
         <path>.\Platforms\driverlib\</path>
         <kind>object</kind>
         <file>rtc_c.obj</file>
         <name>rtc_c.obj</name>
      </input_file>
      <input_file id="fl-13">
         <path>.\Platforms\driverlib\</path>
         <kind>object</kind>
         <file>sysctl.obj</file>
         <name>sysctl.obj</name>
      </input_file>
      <input_file id="fl-14">
         <path>.\Platforms\driverlib\</path>
         <kind>object</kind>
         <file>systick.obj</file>
         <name>systick.obj</name>
      </input_file>
      <input_file id="fl-15">
         <path>.\Platforms\driverlib\</path>
         <kind>object</kind>
         <file>uart.obj</file>
         <name>uart.obj</name>
      </input_file>
      <input_file id="fl-16">
         <path>.\Platforms\driverlib\</path>
         <kind>object</kind>
         <file>wdt_a.obj</file>
         <name>wdt_a.obj</name>
      </input_file>
      <input_file id="fl-1c">
         <kind>object</kind>
         <file>&lt;internal&gt;</file>
         <name>&lt;internal&gt;</name>
      </input_file>
      <input_file id="fl-d2">
         <path>C:\ti\ccsv8\tools\compiler\ti-cgt-arm_18.1.3.LTS\lib\</path>
         <kind>archive</kind>
         <file>rtsv7M4_T_le_v4SPD16_eabi.lib</file>
         <name>memset_t2.asm.obj</name>
      </input_file>
      <input_file id="fl-d3">
         <path>C:\ti\ccsv8\tools\compiler\ti-cgt-arm_18.1.3.LTS\lib\</path>
         <kind>archive</kind>
         <file>rtsv7M4_T_le_v4SPD16_eabi.lib</file>
         <name>memcpy_t2.asm.obj</name>
      </input_file>
      <input_file id="fl-d4">
         <path>C:\ti\ccsv8\tools\compiler\ti-cgt-arm_18.1.3.LTS\lib\</path>
         <kind>archive</kind>
         <file>rtsv7M4_T_le_v4SPD16_eabi.lib</file>
         <name>copy_zero_init.c.obj</name>
      </input_file>
      <input_file id="fl-d5">
         <path>C:\ti\ccsv8\tools\compiler\ti-cgt-arm_18.1.3.LTS\lib\</path>
         <kind>archive</kind>
         <file>rtsv7M4_T_le_v4SPD16_eabi.lib</file>
         <name>copy_decompress_none.c.obj</name>
      </input_file>
      <input_file id="fl-d6">
         <path>C:\ti\ccsv8\tools\compiler\ti-cgt-arm_18.1.3.LTS\lib\</path>
         <kind>archive</kind>
         <file>rtsv7M4_T_le_v4SPD16_eabi.lib</file>
         <name>copy_decompress_lzss.c.obj</name>
      </input_file>
      <input_file id="fl-d7">
         <path>C:\ti\ccsv8\tools\compiler\ti-cgt-arm_18.1.3.LTS\lib\</path>
         <kind>archive</kind>
         <file>rtsv7M4_T_le_v4SPD16_eabi.lib</file>
         <name>memcmp.c.obj</name>
      </input_file>
      <input_file id="fl-d8">
         <path>C:\ti\ccsv8\tools\compiler\ti-cgt-arm_18.1.3.LTS\lib\</path>
         <kind>archive</kind>
         <file>rtsv7M4_T_le_v4SPD16_eabi.lib</file>
         <name>memmov.c.obj</name>
      </input_file>
      <input_file id="fl-d9">
         <path>C:\ti\ccsv8\tools\compiler\ti-cgt-arm_18.1.3.LTS\lib\</path>
         <kind>archive</kind>
         <file>rtsv7M4_T_le_v4SPD16_eabi.lib</file>
         <name>strcpy.c.obj</name>
      </input_file>
      <input_file id="fl-da">
         <path>C:\ti\ccsv8\tools\compiler\ti-cgt-arm_18.1.3.LTS\lib\</path>
         <kind>archive</kind>
         <file>rtsv7M4_T_le_v4SPD16_eabi.lib</file>
         <name>strlen.c.obj</name>
      </input_file>
      <input_file id="fl-db">
         <path>C:\ti\ccsv8\tools\compiler\ti-cgt-arm_18.1.3.LTS\lib\</path>
         <kind>archive</kind>
         <file>rtsv7M4_T_le_v4SPD16_eabi.lib</file>
         <name>vsnprintf.c.obj</name>
      </input_file>
      <input_file id="fl-dc">
         <path>C:\ti\ccsv8\tools\compiler\ti-cgt-arm_18.1.3.LTS\lib\</path>
         <kind>archive</kind>
         <file>rtsv7M4_T_le_v4SPD16_eabi.lib</file>
         <name>vsprintf.c.obj</name>
      </input_file>
      <input_file id="fl-dd">
         <path>C:\ti\ccsv8\tools\compiler\ti-cgt-arm_18.1.3.LTS\lib\</path>
         <kind>archive</kind>
         <file>rtsv7M4_T_le_v4SPD16_eabi.lib</file>
         <name>boot_cortex_m.c.obj</name>
      </input_file>
      <input_file id="fl-de">
         <path>C:\ti\ccsv8\tools\compiler\ti-cgt-arm_18.1.3.LTS\lib\</path>
         <kind>archive</kind>
         <file>rtsv7M4_T_le_v4SPD16_eabi.lib</file>
         <name>autoinit.c.obj</name>
      </input_file>
      <input_file id="fl-df">
         <path>C:\ti\ccsv8\tools\compiler\ti-cgt-arm_18.1.3.LTS\lib\</path>
         <kind>archive</kind>
         <file>rtsv7M4_T_le_v4SPD16_eabi.lib</file>
         <name>pre_init.c.obj</name>
      </input_file>
      <input_file id="fl-e0">
         <path>C:\ti\ccsv8\tools\compiler\ti-cgt-arm_18.1.3.LTS\lib\</path>
         <kind>archive</kind>
         <file>rtsv7M4_T_le_v4SPD16_eabi.lib</file>
         <name>cpy_tbl.c.obj</name>
      </input_file>
      <input_file id="fl-e1">
         <path>C:\ti\ccsv8\tools\compiler\ti-cgt-arm_18.1.3.LTS\lib\</path>
         <kind>archive</kind>
         <file>rtsv7M4_T_le_v4SPD16_eabi.lib</file>
         <name>exit.c.obj</name>
      </input_file>
      <input_file id="fl-e2">
         <path>C:\ti\ccsv8\tools\compiler\ti-cgt-arm_18.1.3.LTS\lib\</path>
         <kind>archive</kind>
         <file>rtsv7M4_T_le_v4SPD16_eabi.lib</file>
         <name>_lock.c.obj</name>
      </input_file>
      <input_file id="fl-e3">
         <path>C:\ti\ccsv8\tools\compiler\ti-cgt-arm_18.1.3.LTS\lib\</path>
         <kind>archive</kind>
         <file>rtsv7M4_T_le_v4SPD16_eabi.lib</file>
         <name>_printfi.c.obj</name>
      </input_file>
      <input_file id="fl-e4">
         <path>C:\ti\ccsv8\tools\compiler\ti-cgt-arm_18.1.3.LTS\lib\</path>
         <kind>archive</kind>
         <file>rtsv7M4_T_le_v4SPD16_eabi.lib</file>
         <name>args_main.c.obj</name>
      </input_file>
      <input_file id="fl-e5">
         <path>C:\ti\ccsv8\tools\compiler\ti-cgt-arm_18.1.3.LTS\lib\</path>
         <kind>archive</kind>
         <file>rtsv7M4_T_le_v4SPD16_eabi.lib</file>
         <name>atoi.c.obj</name>
      </input_file>
      <input_file id="fl-e6">
         <path>C:\ti\ccsv8\tools\compiler\ti-cgt-arm_18.1.3.LTS\lib\</path>
         <kind>archive</kind>
         <file>rtsv7M4_T_le_v4SPD16_eabi.lib</file>
         <name>ctype.c.obj</name>
      </input_file>
      <input_file id="fl-e7">
         <path>C:\ti\ccsv8\tools\compiler\ti-cgt-arm_18.1.3.LTS\lib\</path>
         <kind>archive</kind>
         <file>rtsv7M4_T_le_v4SPD16_eabi.lib</file>
         <name>ltoa.c.obj</name>
      </input_file>
      <input_file id="fl-e8">
         <path>C:\ti\ccsv8\tools\compiler\ti-cgt-arm_18.1.3.LTS\lib\</path>
         <kind>archive</kind>
         <file>rtsv7M4_T_le_v4SPD16_eabi.lib</file>
         <name>memccpy.c.obj</name>
      </input_file>
      <input_file id="fl-e9">
         <path>C:\ti\ccsv8\tools\compiler\ti-cgt-arm_18.1.3.LTS\lib\</path>
         <kind>archive</kind>
         <file>rtsv7M4_T_le_v4SPD16_eabi.lib</file>
         <name>strchr.c.obj</name>
      </input_file>
      <input_file id="fl-ea">
         <path>C:\ti\ccsv8\tools\compiler\ti-cgt-arm_18.1.3.LTS\lib\</path>
         <kind>archive</kind>
         <file>rtsv7M4_T_le_v4SPD16_eabi.lib</file>
         <name>errno.c.obj</name>
      </input_file>
      <input_file id="fl-eb">
         <path>C:\ti\ccsv8\tools\compiler\ti-cgt-arm_18.1.3.LTS\lib\</path>
         <kind>archive</kind>
         <file>rtsv7M4_T_le_v4SPD16_eabi.lib</file>
         <name>s_frexp.c.obj</name>
      </input_file>
      <input_file id="fl-ec">
         <path>C:\ti\ccsv8\tools\compiler\ti-cgt-arm_18.1.3.LTS\lib\</path>
         <kind>archive</kind>
         <file>rtsv7M4_T_le_v4SPD16_eabi.lib</file>
         <name>s_scalbn.c.obj</name>
      </input_file>
      <input_file id="fl-ed">
         <path>C:\ti\ccsv8\tools\compiler\ti-cgt-arm_18.1.3.LTS\lib\</path>
         <kind>archive</kind>
         <file>rtsv7M4_T_le_v4SPD16_eabi.lib</file>
         <name>wcslen.c.obj</name>
      </input_file>
      <input_file id="fl-ee">
         <path>C:\ti\ccsv8\tools\compiler\ti-cgt-arm_18.1.3.LTS\lib\</path>
         <kind>archive</kind>
         <file>rtsv7M4_T_le_v4SPD16_eabi.lib</file>
         <name>s_copysign.c.obj</name>
      </input_file>
      <input_file id="fl-ef">
         <path>C:\ti\ccsv8\tools\compiler\ti-cgt-arm_18.1.3.LTS\lib\</path>
         <kind>archive</kind>
         <file>rtsv7M4_T_le_v4SPD16_eabi.lib</file>
         <name>ull_div_t2.asm.obj</name>
      </input_file>
      <input_file id="fl-f0">
         <path>C:\ti\ccsv8\tools\compiler\ti-cgt-arm_18.1.3.LTS\lib\</path>
         <kind>archive</kind>
         <file>rtsv7M4_T_le_v4SPD16_eabi.lib</file>
         <name>fd_add_t2.asm.obj</name>
      </input_file>
      <input_file id="fl-f1">
         <path>C:\ti\ccsv8\tools\compiler\ti-cgt-arm_18.1.3.LTS\lib\</path>
         <kind>archive</kind>
         <file>rtsv7M4_T_le_v4SPD16_eabi.lib</file>
         <name>fd_cmp_t2.asm.obj</name>
      </input_file>
      <input_file id="fl-f2">
         <path>C:\ti\ccsv8\tools\compiler\ti-cgt-arm_18.1.3.LTS\lib\</path>
         <kind>archive</kind>
         <file>rtsv7M4_T_le_v4SPD16_eabi.lib</file>
         <name>fd_div_t2.asm.obj</name>
      </input_file>
      <input_file id="fl-f3">
         <path>C:\ti\ccsv8\tools\compiler\ti-cgt-arm_18.1.3.LTS\lib\</path>
         <kind>archive</kind>
         <file>rtsv7M4_T_le_v4SPD16_eabi.lib</file>
         <name>fd_mul_t2.asm.obj</name>
      </input_file>
      <input_file id="fl-f4">
         <path>C:\ti\ccsv8\tools\compiler\ti-cgt-arm_18.1.3.LTS\lib\</path>
         <kind>archive</kind>
         <file>rtsv7M4_T_le_v4SPD16_eabi.lib</file>
         <name>fd_toi_t2.asm.obj</name>
      </input_file>
      <input_file id="fl-f5">
         <path>C:\ti\ccsv8\tools\compiler\ti-cgt-arm_18.1.3.LTS\lib\</path>
         <kind>archive</kind>
         <file>rtsv7M4_T_le_v4SPD16_eabi.lib</file>
         <name>i_tofd_t2.asm.obj</name>
      </input_file>
      <input_file id="fl-f6">
         <path>C:\ti\ccsv8\tools\compiler\ti-cgt-arm_18.1.3.LTS\lib\</path>
         <kind>archive</kind>
         <file>rtsv7M4_T_le_v4SPD16_eabi.lib</file>
         <name>div0.asm.obj</name>
      </input_file>
      <input_file id="fl-f7">
         <path>C:\Users\Harshit\Desktop\CHECK\Bluetopia\lib\ccs\</path>
         <kind>archive</kind>
         <file>Bluetopia_BR_EDR.lib</file>
         <name>BSC.o</name>
      </input_file>
      <input_file id="fl-f8">
         <path>C:\Users\Harshit\Desktop\CHECK\Bluetopia\lib\ccs\</path>
         <kind>archive</kind>
         <file>Bluetopia_BR_EDR.lib</file>
         <name>BTPSTMR.o</name>
      </input_file>
      <input_file id="fl-f9">
         <path>C:\Users\Harshit\Desktop\CHECK\Bluetopia\lib\ccs\</path>
         <kind>archive</kind>
         <file>Bluetopia_BR_EDR.lib</file>
         <name>GOEP_Client_y_Server_y.o</name>
      </input_file>
      <input_file id="fl-fa">
         <path>C:\Users\Harshit\Desktop\CHECK\Bluetopia\lib\ccs\</path>
         <kind>archive</kind>
         <file>Bluetopia_BR_EDR.lib</file>
         <name>GAP_LE_n.o</name>
      </input_file>
      <input_file id="fl-fb">
         <path>C:\Users\Harshit\Desktop\CHECK\Bluetopia\lib\ccs\</path>
         <kind>archive</kind>
         <file>Bluetopia_BR_EDR.lib</file>
         <name>GAPLE_LEMaster_n_LESlave_n.o</name>
      </input_file>
      <input_file id="fl-fc">
         <path>C:\Users\Harshit\Desktop\CHECK\Bluetopia\lib\ccs\</path>
         <kind>archive</kind>
         <file>Bluetopia_BR_EDR.lib</file>
         <name>HCI_LEMaster_n_LESlave_n_SCO_y.o</name>
      </input_file>
      <input_file id="fl-fd">
         <path>C:\Users\Harshit\Desktop\CHECK\Bluetopia\lib\ccs\</path>
         <kind>archive</kind>
         <file>Bluetopia_BR_EDR.lib</file>
         <name>L2CAP_LE_n.o</name>
      </input_file>
      <input_file id="fl-fe">
         <path>C:\Users\Harshit\Desktop\CHECK\Bluetopia\lib\ccs\</path>
         <kind>archive</kind>
         <file>Bluetopia_BR_EDR.lib</file>
         <name>RFCOMM_Client_y_Server_y.o</name>
      </input_file>
      <input_file id="fl-ff">
         <path>C:\Users\Harshit\Desktop\CHECK\Bluetopia\lib\ccs\</path>
         <kind>archive</kind>
         <file>Bluetopia_BR_EDR.lib</file>
         <name>SCO_Supported_y.o</name>
      </input_file>
      <input_file id="fl-100">
         <path>C:\Users\Harshit\Desktop\CHECK\Bluetopia\lib\ccs\</path>
         <kind>archive</kind>
         <file>Bluetopia_BR_EDR.lib</file>
         <name>SDP_Client_y_Server_y.o</name>
      </input_file>
      <input_file id="fl-101">
         <path>C:\Users\Harshit\Desktop\CHECK\Bluetopia\lib\ccs\</path>
         <kind>archive</kind>
         <file>Bluetopia_BR_EDR.lib</file>
         <name>SPP_Client_y_Server_y.o</name>
      </input_file>
      <input_file id="fl-102">
         <path>C:\Users\Harshit\Desktop\CHECK\Bluetopia\lib\ccs\</path>
         <kind>archive</kind>
         <file>Bluetopia_BR_EDR.lib</file>
         <name>OTP.o</name>
      </input_file>
      <input_file id="fl-103">
         <path>C:\Users\Harshit\Desktop\CHECK\Bluetopia\lib\ccs\</path>
         <kind>archive</kind>
         <file>Bluetopia_BR_EDR.lib</file>
         <name>BTPSC.o</name>
      </input_file>
      <input_file id="fl-104">
         <path>C:\Users\Harshit\Desktop\CHECK\Bluetopia\lib\ccs\</path>
         <kind>archive</kind>
         <file>Bluetopia_BR_EDR.lib</file>
         <name>HCIDRV.o</name>
      </input_file>
      <input_file id="fl-105">
         <path>C:\Users\Harshit\Desktop\CHECK\Bluetopia\lib\ccs\</path>
         <kind>archive</kind>
         <file>Bluetopia_BR_EDR.lib</file>
         <name>HCIComm.o</name>
      </input_file>
      <input_file id="fl-106">
         <path>C:\Users\Harshit\Desktop\CHECK\Bluetopia\lib\ccs\</path>
         <kind>archive</kind>
         <file>Bluetopia_BR_EDR.lib</file>
         <name>HCILL.o</name>
      </input_file>
      <input_file id="fl-107">
         <path>C:\Users\Harshit\Desktop\CHECK\Bluetopia\lib\ccs\</path>
         <kind>archive</kind>
         <file>Bluetopia_BR_EDR.lib</file>
         <name>TWUART.o</name>
      </input_file>
      <input_file id="fl-108">
         <path>C:\Users\Harshit\Desktop\CHECK\Bluetopia\profiles\hfp\lib\ccs\</path>
         <kind>archive</kind>
         <file>SS1BTHFP.lib</file>
         <name>SS1BTHFP.o</name>
      </input_file>
   </input_file_list>
   <object_component_list>
      <object_component id="oc-21">
         <name>.intvecs:retain</name>
         <load_address>0x0</load_address>
         <run_address>0x0</run_address>
         <size>0x144</size>
         <input_file_ref idref="fl-a"/>
      </object_component>
      <object_component id="oc-14f">
         <name>.text</name>
         <load_address>0x15410</load_address>
         <run_address>0x15410</run_address>
         <size>0x7750</size>
         <input_file_ref idref="fl-2"/>
      </object_component>
      <object_component id="oc-b9">
         <name>.text</name>
         <load_address>0x1cb60</load_address>
         <run_address>0x1cb60</run_address>
         <size>0x1a9e</size>
         <input_file_ref idref="fl-6"/>
      </object_component>
      <object_component id="oc-817">
         <name>.text</name>
         <load_address>0x1e5fe</load_address>
         <run_address>0x1e5fe</run_address>
         <size>0x2</size>
         <input_file_ref idref="fl-f6"/>
      </object_component>
      <object_component id="oc-d1">
         <name>.text</name>
         <load_address>0x1e600</load_address>
         <run_address>0x1e600</run_address>
         <size>0x159c</size>
         <input_file_ref idref="fl-d"/>
      </object_component>
      <object_component id="oc-c5">
         <name>.text</name>
         <load_address>0x1fb9c</load_address>
         <run_address>0x1fb9c</run_address>
         <size>0xd80</size>
         <input_file_ref idref="fl-c"/>
      </object_component>
      <object_component id="oc-b3">
         <name>.text</name>
         <load_address>0x2091c</load_address>
         <run_address>0x2091c</run_address>
         <size>0xb1c</size>
         <input_file_ref idref="fl-4"/>
      </object_component>
      <object_component id="oc-355">
         <name>.text:__TI_printfi</name>
         <load_address>0x21438</load_address>
         <run_address>0x21438</run_address>
         <size>0xa5e</size>
         <input_file_ref idref="fl-e3"/>
      </object_component>
      <object_component id="oc-cb">
         <name>.text</name>
         <load_address>0x21e98</load_address>
         <run_address>0x21e98</run_address>
         <size>0x838</size>
         <input_file_ref idref="fl-11"/>
      </object_component>
      <object_component id="oc-ef">
         <name>.text</name>
         <load_address>0x226d0</load_address>
         <run_address>0x226d0</run_address>
         <size>0x7a8</size>
         <input_file_ref idref="fl-f"/>
      </object_component>
      <object_component id="oc-68">
         <name>.text</name>
         <load_address>0x22e78</load_address>
         <run_address>0x22e78</run_address>
         <size>0x6f8</size>
         <input_file_ref idref="fl-9"/>
      </object_component>
      <object_component id="oc-6e">
         <name>.text</name>
         <load_address>0x23570</load_address>
         <run_address>0x23570</run_address>
         <size>0x550</size>
         <input_file_ref idref="fl-7"/>
      </object_component>
      <object_component id="oc-21c">
         <name>.text</name>
         <load_address>0x23ac0</load_address>
         <run_address>0x23ac0</run_address>
         <size>0x508</size>
         <input_file_ref idref="fl-12"/>
      </object_component>
      <object_component id="oc-bf">
         <name>.text</name>
         <load_address>0x23fc8</load_address>
         <run_address>0x23fc8</run_address>
         <size>0x480</size>
         <input_file_ref idref="fl-e"/>
      </object_component>
      <object_component id="oc-e3">
         <name>.text</name>
         <load_address>0x24448</load_address>
         <run_address>0x24448</run_address>
         <size>0x41c</size>
         <input_file_ref idref="fl-15"/>
      </object_component>
      <object_component id="oc-3d9">
         <name>.text</name>
         <load_address>0x24864</load_address>
         <run_address>0x24864</run_address>
         <size>0x400</size>
         <input_file_ref idref="fl-5"/>
      </object_component>
      <object_component id="oc-d7">
         <name>.text</name>
         <load_address>0x24c64</load_address>
         <run_address>0x24c64</run_address>
         <size>0x3f0</size>
         <input_file_ref idref="fl-10"/>
      </object_component>
      <object_component id="oc-9a">
         <name>.text</name>
         <load_address>0x25054</load_address>
         <run_address>0x25054</run_address>
         <size>0x2d0</size>
         <input_file_ref idref="fl-3"/>
      </object_component>
      <object_component id="oc-f5">
         <name>.text</name>
         <load_address>0x25324</load_address>
         <run_address>0x25324</run_address>
         <size>0x284</size>
         <input_file_ref idref="fl-8"/>
      </object_component>
      <object_component id="oc-519">
         <name>.text:_pconv_a</name>
         <load_address>0x255a8</load_address>
         <run_address>0x255a8</run_address>
         <size>0x270</size>
         <input_file_ref idref="fl-e3"/>
      </object_component>
      <object_component id="oc-1ae">
         <name>.text</name>
         <load_address>0x25818</load_address>
         <run_address>0x25818</run_address>
         <size>0x244</size>
         <input_file_ref idref="fl-13"/>
      </object_component>
      <object_component id="oc-507">
         <name>.text:_pconv_g</name>
         <load_address>0x25a5c</load_address>
         <run_address>0x25a5c</run_address>
         <size>0x1d0</size>
         <input_file_ref idref="fl-e3"/>
      </object_component>
      <object_component id="oc-682">
         <name>.text</name>
         <load_address>0x25c2c</load_address>
         <run_address>0x25c2c</run_address>
         <size>0x1b6</size>
         <input_file_ref idref="fl-f0"/>
      </object_component>
      <object_component id="oc-513">
         <name>.text:_pconv_e</name>
         <load_address>0x25de4</load_address>
         <run_address>0x25de4</run_address>
         <size>0x13c</size>
         <input_file_ref idref="fl-e3"/>
      </object_component>
      <object_component id="oc-668">
         <name>.text</name>
         <load_address>0x25f20</load_address>
         <run_address>0x25f20</run_address>
         <size>0x136</size>
         <input_file_ref idref="fl-f2"/>
      </object_component>
      <object_component id="oc-694">
         <name>.text:fcvt</name>
         <load_address>0x26058</load_address>
         <run_address>0x26058</run_address>
         <size>0x120</size>
         <input_file_ref idref="fl-e3"/>
      </object_component>
      <object_component id="oc-6a8">
         <name>.text:scalbn</name>
         <load_address>0x26178</load_address>
         <run_address>0x26178</run_address>
         <size>0x110</size>
         <input_file_ref idref="fl-ec"/>
      </object_component>
      <object_component id="oc-663">
         <name>.text</name>
         <load_address>0x26288</load_address>
         <run_address>0x26288</run_address>
         <size>0xfc</size>
         <input_file_ref idref="fl-f3"/>
      </object_component>
      <object_component id="oc-ac">
         <name>.text</name>
         <load_address>0x26384</load_address>
         <run_address>0x26384</run_address>
         <size>0xd8</size>
         <input_file_ref idref="fl-16"/>
      </object_component>
      <object_component id="oc-4fc">
         <name>.text:_ltostr</name>
         <load_address>0x2645c</load_address>
         <run_address>0x2645c</run_address>
         <size>0xb1</size>
         <input_file_ref idref="fl-e3"/>
      </object_component>
      <object_component id="oc-32">
         <name>.text</name>
         <load_address>0x2650e</load_address>
         <run_address>0x2650e</run_address>
         <size>0x9c</size>
         <input_file_ref idref="fl-d3"/>
      </object_component>
      <object_component id="oc-65c">
         <name>.text</name>
         <load_address>0x265aa</load_address>
         <run_address>0x265aa</run_address>
         <size>0x96</size>
         <input_file_ref idref="fl-ef"/>
      </object_component>
      <object_component id="oc-502">
         <name>.text:__aeabi_cdcmple</name>
         <load_address>0x26640</load_address>
         <run_address>0x26640</run_address>
         <size>0x86</size>
         <input_file_ref idref="fl-f1"/>
      </object_component>
      <object_component id="oc-66d">
         <name>.text:__aeabi_cdrcmple</name>
         <load_address>0x266c6</load_address>
         <run_address>0x266c6</run_address>
         <size>0x86</size>
         <input_file_ref idref="fl-f1"/>
      </object_component>
      <object_component id="oc-8e">
         <name>.text</name>
         <load_address>0x2674c</load_address>
         <run_address>0x2674c</run_address>
         <size>0x7a</size>
         <input_file_ref idref="fl-d2"/>
      </object_component>
      <object_component id="oc-dd">
         <name>.text</name>
         <load_address>0x267c8</load_address>
         <run_address>0x267c8</run_address>
         <size>0x74</size>
         <input_file_ref idref="fl-14"/>
      </object_component>
      <object_component id="oc-68d">
         <name>.text:_mcpy</name>
         <load_address>0x2683c</load_address>
         <run_address>0x2683c</run_address>
         <size>0x6e</size>
         <input_file_ref idref="fl-e3"/>
      </object_component>
      <object_component id="oc-12">
         <name>.text:decompress:lzss:__TI_decompress_lzss</name>
         <load_address>0x268aa</load_address>
         <run_address>0x268aa</run_address>
         <size>0x68</size>
         <input_file_ref idref="fl-d6"/>
      </object_component>
      <object_component id="oc-6a2">
         <name>.text:frexp</name>
         <load_address>0x26914</load_address>
         <run_address>0x26914</run_address>
         <size>0x64</size>
         <input_file_ref idref="fl-eb"/>
      </object_component>
      <object_component id="oc-50d">
         <name>.text:_pconv_f</name>
         <load_address>0x26978</load_address>
         <run_address>0x26978</run_address>
         <size>0x56</size>
         <input_file_ref idref="fl-e3"/>
      </object_component>
      <object_component id="oc-677">
         <name>.text:ltoa</name>
         <load_address>0x269ce</load_address>
         <run_address>0x269ce</run_address>
         <size>0x54</size>
         <input_file_ref idref="fl-e7"/>
      </object_component>
      <object_component id="oc-687">
         <name>.text:_ecpy</name>
         <load_address>0x26a22</load_address>
         <run_address>0x26a22</run_address>
         <size>0x52</size>
         <input_file_ref idref="fl-e3"/>
      </object_component>
      <object_component id="oc-4f6">
         <name>.text:atoi</name>
         <load_address>0x26a74</load_address>
         <run_address>0x26a74</run_address>
         <size>0x4c</size>
         <input_file_ref idref="fl-e5"/>
      </object_component>
      <object_component id="oc-672">
         <name>.text</name>
         <load_address>0x26ac0</load_address>
         <run_address>0x26ac0</run_address>
         <size>0x48</size>
         <input_file_ref idref="fl-f4"/>
      </object_component>
      <object_component id="oc-17c">
         <name>.text:__TI_auto_init_nobinit_nopinit:__TI_auto_init_nobinit_nopinit</name>
         <load_address>0x26b08</load_address>
         <run_address>0x26b08</run_address>
         <size>0x44</size>
         <input_file_ref idref="fl-de"/>
      </object_component>
      <object_component id="oc-1e2">
         <name>.text:vsnprintf</name>
         <load_address>0x26b4c</load_address>
         <run_address>0x26b4c</run_address>
         <size>0x40</size>
         <input_file_ref idref="fl-db"/>
      </object_component>
      <object_component id="oc-69a">
         <name>.text:_fcpy</name>
         <load_address>0x26b8c</load_address>
         <run_address>0x26b8c</run_address>
         <size>0x3e</size>
         <input_file_ref idref="fl-e3"/>
      </object_component>
      <object_component id="oc-216">
         <name>.text</name>
         <load_address>0x26bca</load_address>
         <run_address>0x26bca</run_address>
         <size>0x3e</size>
         <input_file_ref idref="fl-b"/>
      </object_component>
      <object_component id="oc-50">
         <name>.text:_c_int00_noargs:_c_int00_noargs</name>
         <load_address>0x26c08</load_address>
         <run_address>0x26c08</run_address>
         <size>0x38</size>
         <input_file_ref idref="fl-dd"/>
      </object_component>
      <object_component id="oc-369">
         <name>.text:_outs</name>
         <load_address>0x26c40</load_address>
         <run_address>0x26c40</run_address>
         <size>0x30</size>
         <input_file_ref idref="fl-db"/>
      </object_component>
      <object_component id="oc-67d">
         <name>.text</name>
         <load_address>0x26c70</load_address>
         <run_address>0x26c70</run_address>
         <size>0x2e</size>
         <input_file_ref idref="fl-f5"/>
      </object_component>
      <object_component id="oc-1dc">
         <name>.text:vsprintf</name>
         <load_address>0x26ca0</load_address>
         <run_address>0x26ca0</run_address>
         <size>0x28</size>
         <input_file_ref idref="fl-dc"/>
      </object_component>
      <object_component id="oc-1c4">
         <name>.text:memcmp</name>
         <load_address>0x26cc8</load_address>
         <run_address>0x26cc8</run_address>
         <size>0x24</size>
         <input_file_ref idref="fl-d7"/>
      </object_component>
      <object_component id="oc-1be">
         <name>.text:memmove</name>
         <load_address>0x26cec</load_address>
         <run_address>0x26cec</run_address>
         <size>0x24</size>
         <input_file_ref idref="fl-d8"/>
      </object_component>
      <object_component id="oc-51f">
         <name>.text:memccpy</name>
         <load_address>0x26d10</load_address>
         <run_address>0x26d10</run_address>
         <size>0x1c</size>
         <input_file_ref idref="fl-e8"/>
      </object_component>
      <object_component id="oc-36f">
         <name>.text:_outc</name>
         <load_address>0x26d2c</load_address>
         <run_address>0x26d2c</run_address>
         <size>0x18</size>
         <input_file_ref idref="fl-db"/>
      </object_component>
      <object_component id="oc-35b">
         <name>.text:_outs</name>
         <load_address>0x26d44</load_address>
         <run_address>0x26d44</run_address>
         <size>0x18</size>
         <input_file_ref idref="fl-dc"/>
      </object_component>
      <object_component id="oc-6ae">
         <name>.text:strchr</name>
         <load_address>0x26d5c</load_address>
         <run_address>0x26d5c</run_address>
         <size>0x16</size>
         <input_file_ref idref="fl-e9"/>
      </object_component>
      <object_component id="oc-830">
         <name>.text:copysign</name>
         <load_address>0x26d72</load_address>
         <run_address>0x26d72</run_address>
         <size>0x14</size>
         <input_file_ref idref="fl-ee"/>
      </object_component>
      <object_component id="oc-1d0">
         <name>.text:strcpy</name>
         <load_address>0x26d86</load_address>
         <run_address>0x26d86</run_address>
         <size>0x14</size>
         <input_file_ref idref="fl-d9"/>
      </object_component>
      <object_component id="oc-1d6">
         <name>.text:strlen</name>
         <load_address>0x26d9a</load_address>
         <run_address>0x26d9a</run_address>
         <size>0x14</size>
         <input_file_ref idref="fl-da"/>
      </object_component>
      <object_component id="oc-62">
         <name>.text</name>
         <load_address>0x26dae</load_address>
         <run_address>0x26dae</run_address>
         <size>0x12</size>
         <input_file_ref idref="fl-a"/>
      </object_component>
      <object_component id="oc-525">
         <name>.text:wcslen</name>
         <load_address>0x26dc0</load_address>
         <run_address>0x26dc0</run_address>
         <size>0x12</size>
         <input_file_ref idref="fl-ed"/>
      </object_component>
      <object_component id="oc-18">
         <name>.text:decompress:none:__TI_decompress_none</name>
         <load_address>0x26dd2</load_address>
         <run_address>0x26dd2</run_address>
         <size>0xe</size>
         <input_file_ref idref="fl-d5"/>
      </object_component>
      <object_component id="oc-44">
         <name>.text:decompress:ZI:__TI_zero_init</name>
         <load_address>0x26de0</load_address>
         <run_address>0x26de0</run_address>
         <size>0xc</size>
         <input_file_ref idref="fl-d4"/>
      </object_component>
      <object_component id="oc-361">
         <name>.text:_outc</name>
         <load_address>0x26dec</load_address>
         <run_address>0x26dec</run_address>
         <size>0xa</size>
         <input_file_ref idref="fl-dc"/>
      </object_component>
      <object_component id="oc-52b">
         <name>.text:__aeabi_errno_addr</name>
         <load_address>0x26df8</load_address>
         <run_address>0x26df8</run_address>
         <size>0x8</size>
         <input_file_ref idref="fl-ea"/>
      </object_component>
      <object_component id="oc-94">
         <name>.text:_system_pre_init</name>
         <load_address>0x26e00</load_address>
         <run_address>0x26e00</run_address>
         <size>0x4</size>
         <input_file_ref idref="fl-df"/>
      </object_component>
      <object_component id="oc-170">
         <name>.text:abort:abort</name>
         <load_address>0x26e04</load_address>
         <run_address>0x26e04</run_address>
         <size>0x4</size>
         <input_file_ref idref="fl-e1"/>
      </object_component>
      <object_component id="oc-55e">
         <name>.const:.string:AvprPatch</name>
         <load_address>0x26e08</load_address>
         <run_address>0x26e08</run_address>
         <size>0x852b</size>
         <input_file_ref idref="fl-5"/>
      </object_component>
      <object_component id="oc-55b">
         <name>.const:.string:BasePatch</name>
         <load_address>0x2f333</load_address>
         <run_address>0x2f333</run_address>
         <size>0x185f</size>
         <input_file_ref idref="fl-5"/>
      </object_component>
      <object_component id="oc-657">
         <name>.const:.string:_ctypes_</name>
         <load_address>0x30b92</load_address>
         <run_address>0x30b92</run_address>
         <size>0x101</size>
         <input_file_ref idref="fl-e6"/>
      </object_component>
      <object_component id="oc-432">
         <name>.const:.string</name>
         <load_address>0x30c94</load_address>
         <run_address>0x30c94</run_address>
         <size>0x7c</size>
         <input_file_ref idref="fl-2"/>
      </object_component>
      <object_component id="oc-22f">
         <name>.const:g_pulRegs</name>
         <load_address>0x30d10</load_address>
         <run_address>0x30d10</run_address>
         <size>0x50</size>
         <input_file_ref idref="fl-10"/>
      </object_component>
      <object_component id="oc-1fa">
         <name>.const:.string:RF_Calibration_Info</name>
         <load_address>0x30d60</load_address>
         <run_address>0x30d60</run_address>
         <size>0x2e</size>
         <input_file_ref idref="fl-6"/>
      </object_component>
      <object_component id="oc-ec">
         <name>.const:$P$T0$1</name>
         <load_address>0x30d90</load_address>
         <run_address>0x30d90</run_address>
         <size>0x24</size>
         <input_file_ref idref="fl-9"/>
      </object_component>
      <object_component id="oc-22c">
         <name>.const:g_pulPriority</name>
         <load_address>0x30db4</load_address>
         <run_address>0x30db4</run_address>
         <size>0x20</size>
         <input_file_ref idref="fl-10"/>
      </object_component>
      <object_component id="oc-20c">
         <name>.const:GPIO_PORT_TO_INT</name>
         <load_address>0x30dd4</load_address>
         <run_address>0x30dd4</run_address>
         <size>0x1c</size>
         <input_file_ref idref="fl-e"/>
      </object_component>
      <object_component id="oc-104">
         <name>.const:$P$T1$2</name>
         <load_address>0x30df0</load_address>
         <run_address>0x30df0</run_address>
         <size>0x14</size>
         <input_file_ref idref="fl-9"/>
      </object_component>
      <object_component id="oc-1f1">
         <name>.const:.string:$P$T0$1</name>
         <load_address>0x30e04</load_address>
         <run_address>0x30e04</run_address>
         <size>0x9</size>
         <input_file_ref idref="fl-6"/>
      </object_component>
      <object_component id="oc-235">
         <name>.const:g_pulDisRegs</name>
         <load_address>0x30e10</load_address>
         <run_address>0x30e10</run_address>
         <size>0x8</size>
         <input_file_ref idref="fl-10"/>
      </object_component>
      <object_component id="oc-232">
         <name>.const:g_pulEnRegs</name>
         <load_address>0x30e18</load_address>
         <run_address>0x30e18</run_address>
         <size>0x8</size>
         <input_file_ref idref="fl-10"/>
      </object_component>
      <object_component id="oc-238">
         <name>.const:g_pulPendRegs</name>
         <load_address>0x30e20</load_address>
         <run_address>0x30e20</run_address>
         <size>0x8</size>
         <input_file_ref idref="fl-10"/>
      </object_component>
      <object_component id="oc-23b">
         <name>.const:g_pulUnpendRegs</name>
         <load_address>0x30e28</load_address>
         <run_address>0x30e28</run_address>
         <size>0x8</size>
         <input_file_ref idref="fl-10"/>
      </object_component>
      <object_component id="oc-7c7">
         <name>.constdata</name>
         <load_address>0x30e30</load_address>
         <run_address>0x30e30</run_address>
         <size>0x138</size>
         <input_file_ref idref="fl-108"/>
      </object_component>
      <object_component id="oc-930">
         <name>.constdata</name>
         <load_address>0x30f68</load_address>
         <run_address>0x30f68</run_address>
         <size>0x100</size>
         <input_file_ref idref="fl-fe"/>
      </object_component>
      <object_component id="oc-850">
         <name>.constdata</name>
         <load_address>0x31068</load_address>
         <run_address>0x31068</run_address>
         <size>0x3c</size>
         <input_file_ref idref="fl-f7"/>
      </object_component>
      <object_component id="oc-88c">
         <name>.constdata</name>
         <load_address>0x310a4</load_address>
         <run_address>0x310a4</run_address>
         <size>0x34</size>
         <input_file_ref idref="fl-100"/>
      </object_component>
      <object_component id="oc-811">
         <name>.constdata</name>
         <load_address>0x310d8</load_address>
         <run_address>0x310d8</run_address>
         <size>0x30</size>
         <input_file_ref idref="fl-105"/>
      </object_component>
      <object_component id="oc-8eb">
         <name>.constdata</name>
         <load_address>0x31108</load_address>
         <run_address>0x31108</run_address>
         <size>0x28</size>
         <input_file_ref idref="fl-107"/>
      </object_component>
      <object_component id="oc-492">
         <name>.constdata</name>
         <load_address>0x31130</load_address>
         <run_address>0x31130</run_address>
         <size>0x1e</size>
         <input_file_ref idref="fl-fa"/>
      </object_component>
      <object_component id="oc-958">
         <name>.constdata</name>
         <load_address>0x31150</load_address>
         <run_address>0x31150</run_address>
         <size>0x18</size>
         <input_file_ref idref="fl-fd"/>
      </object_component>
      <object_component id="oc-925">
         <name>.constdata</name>
         <load_address>0x31168</load_address>
         <run_address>0x31168</run_address>
         <size>0x5</size>
         <input_file_ref idref="fl-100"/>
      </object_component>
      <object_component id="oc-926">
         <name>.constdata</name>
         <load_address>0x3116d</load_address>
         <run_address>0x3116d</run_address>
         <size>0x5</size>
         <input_file_ref idref="fl-100"/>
      </object_component>
      <object_component id="oc-927">
         <name>.constdata</name>
         <load_address>0x31172</load_address>
         <run_address>0x31172</run_address>
         <size>0x5</size>
         <input_file_ref idref="fl-100"/>
      </object_component>
      <object_component id="oc-943">
         <name>.constdata</name>
         <load_address>0x31177</load_address>
         <run_address>0x31177</run_address>
         <size>0x4</size>
         <input_file_ref idref="fl-106"/>
      </object_component>
      <object_component id="oc-99c">
         <name>.cinit..data.load</name>
         <load_address>0x31180</load_address>
         <run_address>0x31180</run_address>
         <size>0xc0</size>
      </object_component>
      <object_component id="oc-999">
         <name>__TI_handler_table</name>
         <load_address>0x31240</load_address>
         <run_address>0x31240</run_address>
         <size>0xc</size>
      </object_component>
      <object_component id="oc-99d">
         <name>.cinit..bss.load</name>
         <load_address>0x31250</load_address>
         <run_address>0x31250</run_address>
         <size>0x8</size>
      </object_component>
      <object_component id="oc-99b">
         <name>.cinit..vtable.load</name>
         <load_address>0x31258</load_address>
         <run_address>0x31258</run_address>
         <size>0x8</size>
      </object_component>
      <object_component id="oc-99a">
         <name>__TI_cinit_table</name>
         <load_address>0x31260</load_address>
         <run_address>0x31260</run_address>
         <size>0x18</size>
      </object_component>
      <object_component id="oc-790">
         <name>i.HCI_Event_Callback</name>
         <load_address>0x144</load_address>
         <run_address>0x144</run_address>
         <size>0x864</size>
         <input_file_ref idref="fl-ff"/>
      </object_component>
      <object_component id="oc-5a2">
         <name>i.L2CA_Event_Callback</name>
         <load_address>0x9a8</load_address>
         <run_address>0x9a8</run_address>
         <size>0x6f0</size>
         <input_file_ref idref="fl-100"/>
      </object_component>
      <object_component id="oc-4b1">
         <name>i.SPP_Event_Callback</name>
         <load_address>0x1098</load_address>
         <run_address>0x1098</run_address>
         <size>0x6cc</size>
         <input_file_ref idref="fl-108"/>
      </object_component>
      <object_component id="oc-5a8">
         <name>i.HCI_Event_Callback</name>
         <load_address>0x1764</load_address>
         <run_address>0x1764</run_address>
         <size>0x6b0</size>
         <input_file_ref idref="fl-fa"/>
      </object_component>
      <object_component id="oc-92c">
         <name>i.ProcessRFCOMMControlMessage</name>
         <load_address>0x1e14</load_address>
         <run_address>0x1e14</run_address>
         <size>0x622</size>
         <input_file_ref idref="fl-fe"/>
      </object_component>
      <object_component id="oc-44d">
         <name>i.BSC_ReleaseListLock</name>
         <load_address>0x2436</load_address>
         <run_address>0x2436</run_address>
         <size>0x2</size>
         <input_file_ref idref="fl-f7"/>
      </object_component>
      <object_component id="oc-580">
         <name>i.AsynchronousHCIEventCallback</name>
         <load_address>0x2438</load_address>
         <run_address>0x2438</run_address>
         <size>0x5c0</size>
         <input_file_ref idref="fl-fc"/>
      </object_component>
      <object_component id="oc-59a">
         <name>i.HCI_Event_Callback</name>
         <load_address>0x29f8</load_address>
         <run_address>0x29f8</run_address>
         <size>0x464</size>
         <input_file_ref idref="fl-fd"/>
      </object_component>
      <object_component id="oc-7cc">
         <name>i.ProcessCommandResponseData_CallHoldMultipartyHandling</name>
         <load_address>0x2e5c</load_address>
         <run_address>0x2e5c</run_address>
         <size>0x450</size>
         <input_file_ref idref="fl-108"/>
      </object_component>
      <object_component id="oc-7f0">
         <name>i.ProcessCommandResponseData_IndicatorControl</name>
         <load_address>0x32ac</load_address>
         <run_address>0x32ac</run_address>
         <size>0x418</size>
         <input_file_ref idref="fl-108"/>
      </object_component>
      <object_component id="oc-79a">
         <name>i.L2CA_Event_Callback</name>
         <load_address>0x36c4</load_address>
         <run_address>0x36c4</run_address>
         <size>0x3f4</size>
         <input_file_ref idref="fl-fe"/>
      </object_component>
      <object_component id="oc-617">
         <name>i.RFCOMM_Event_Callback</name>
         <load_address>0x3ab8</load_address>
         <run_address>0x3ab8</run_address>
         <size>0x392</size>
         <input_file_ref idref="fl-101"/>
      </object_component>
      <object_component id="oc-453">
         <name>i.BSC_UnLockBluetoothStack</name>
         <load_address>0x3e4a</load_address>
         <run_address>0x3e4a</run_address>
         <size>0x2</size>
         <input_file_ref idref="fl-f7"/>
      </object_component>
      <object_component id="oc-2a8">
         <name>i.BSC_Initialize</name>
         <load_address>0x3e4c</load_address>
         <run_address>0x3e4c</run_address>
         <size>0x310</size>
         <input_file_ref idref="fl-f7"/>
      </object_component>
      <object_component id="oc-733">
         <name>i.ProcessL2CAPDataPacket</name>
         <load_address>0x415c</load_address>
         <run_address>0x415c</run_address>
         <size>0x2c6</size>
         <input_file_ref idref="fl-fd"/>
      </object_component>
      <object_component id="oc-8ad">
         <name>i.ProcessRFCOMMDataMessage</name>
         <load_address>0x4422</load_address>
         <run_address>0x4422</run_address>
         <size>0x2c0</size>
         <input_file_ref idref="fl-fe"/>
      </object_component>
      <object_component id="oc-63b">
         <name>i.ParseAPIAttributes</name>
         <load_address>0x46e2</load_address>
         <run_address>0x46e2</run_address>
         <size>0x2a6</size>
         <input_file_ref idref="fl-100"/>
      </object_component>
      <object_component id="oc-5ee">
         <name>i.SCO_Setup_Synchronous_Connection</name>
         <load_address>0x4988</load_address>
         <run_address>0x4988</run_address>
         <size>0x29c</size>
         <input_file_ref idref="fl-ff"/>
      </object_component>
      <object_component id="oc-8e5">
         <name>i.ProcessCurrentCallsListData</name>
         <load_address>0x4c24</load_address>
         <run_address>0x4c24</run_address>
         <size>0x27c</size>
         <input_file_ref idref="fl-108"/>
      </object_component>
      <object_component id="oc-75e">
         <name>i.ProcessServiceSearchAttributeRequest</name>
         <load_address>0x4ea0</load_address>
         <run_address>0x4ea0</run_address>
         <size>0x25a</size>
         <input_file_ref idref="fl-100"/>
      </object_component>
      <object_component id="oc-635">
         <name>i.SCO_Accept_Synchronous_Connection</name>
         <load_address>0x50fa</load_address>
         <run_address>0x50fa</run_address>
         <size>0x242</size>
         <input_file_ref idref="fl-ff"/>
      </object_component>
      <object_component id="oc-8a3">
         <name>i.BuildAndSubmitCommandEnhancedSynchronous</name>
         <load_address>0x533c</load_address>
         <run_address>0x533c</run_address>
         <size>0x23c</size>
         <input_file_ref idref="fl-fc"/>
      </object_component>
      <object_component id="oc-5ea">
         <name>i.SPP_Data_Write</name>
         <load_address>0x5578</load_address>
         <run_address>0x5578</run_address>
         <size>0x23a</size>
         <input_file_ref idref="fl-101"/>
      </object_component>
      <object_component id="oc-3f3">
         <name>i.CleanupCertificateModule</name>
         <load_address>0x57b2</load_address>
         <run_address>0x57b2</run_address>
         <size>0x2</size>
         <input_file_ref idref="fl-103"/>
      </object_component>
      <object_component id="oc-4a7">
         <name>i.AddHandsFreeControlIndicators</name>
         <load_address>0x57b4</load_address>
         <run_address>0x57b4</run_address>
         <size>0x238</size>
         <input_file_ref idref="fl-108"/>
      </object_component>
      <object_component id="oc-62d">
         <name>i.ProcessCommandResponseData</name>
         <load_address>0x59ec</load_address>
         <run_address>0x59ec</run_address>
         <size>0x22e</size>
         <input_file_ref idref="fl-108"/>
      </object_component>
      <object_component id="oc-586">
         <name>i.UpdateHCICallbackThread</name>
         <load_address>0x5c1a</load_address>
         <run_address>0x5c1a</run_address>
         <size>0x21e</size>
         <input_file_ref idref="fl-fc"/>
      </object_component>
      <object_component id="oc-86e">
         <name>i.L2CAP_ConfigRequestEvent</name>
         <load_address>0x5e38</load_address>
         <run_address>0x5e38</run_address>
         <size>0x214</size>
         <input_file_ref idref="fl-fd"/>
      </object_component>
      <object_component id="oc-80f">
         <name>i.ProtocolEventCallback</name>
         <load_address>0x604c</load_address>
         <run_address>0x604c</run_address>
         <size>0x214</size>
         <input_file_ref idref="fl-105"/>
      </object_component>
      <object_component id="oc-8c3">
         <name>i.BuildPortInformationStructure</name>
         <load_address>0x6260</load_address>
         <run_address>0x6260</run_address>
         <size>0x202</size>
         <input_file_ref idref="fl-101"/>
      </object_component>
      <object_component id="oc-88a">
         <name>i.CompareServiceRecordWithServiceList</name>
         <load_address>0x6462</load_address>
         <run_address>0x6462</run_address>
         <size>0x202</size>
         <input_file_ref idref="fl-100"/>
      </object_component>
      <object_component id="oc-3e3">
         <name>i.HCI_Initialize</name>
         <load_address>0x6664</load_address>
         <run_address>0x6664</run_address>
         <size>0x1e0</size>
         <input_file_ref idref="fl-fc"/>
      </object_component>
      <object_component id="oc-7c8">
         <name>i.ProcessCommandResponseData_Success</name>
         <load_address>0x6844</load_address>
         <run_address>0x6844</run_address>
         <size>0x1d8</size>
         <input_file_ref idref="fl-108"/>
      </object_component>
      <object_component id="oc-7fc">
         <name>i.BuildRemotePortNegotiationStructure</name>
         <load_address>0x6a1c</load_address>
         <run_address>0x6a1c</run_address>
         <size>0x1d6</size>
         <input_file_ref idref="fl-101"/>
      </object_component>
      <object_component id="oc-6e5">
         <name>i.HCITR_COMDataCallback_UART</name>
         <load_address>0x6bf2</load_address>
         <run_address>0x6bf2</run_address>
         <size>0x1d6</size>
         <input_file_ref idref="fl-105"/>
      </object_component>
      <object_component id="oc-45e">
         <name>i.GAPInquiryEventHandler</name>
         <load_address>0x6dc8</load_address>
         <run_address>0x6dc8</run_address>
         <size>0x1d4</size>
         <input_file_ref idref="fl-fa"/>
      </object_component>
      <object_component id="oc-56b">
         <name>i.HCI_DriverCallback</name>
         <load_address>0x6f9c</load_address>
         <run_address>0x6f9c</run_address>
         <size>0x1c8</size>
         <input_file_ref idref="fl-104"/>
      </object_component>
      <object_component id="oc-7c3">
         <name>i.Disconnect</name>
         <load_address>0x7164</load_address>
         <run_address>0x7164</run_address>
         <size>0x1c4</size>
         <input_file_ref idref="fl-fe"/>
      </object_component>
      <object_component id="oc-456">
         <name>i.SCO_Connection_Callback</name>
         <load_address>0x7328</load_address>
         <run_address>0x7328</run_address>
         <size>0x1c4</size>
         <input_file_ref idref="fl-108"/>
      </object_component>
      <object_component id="oc-7fa">
         <name>i.ProcessCommandResponseData_ResponseHold</name>
         <load_address>0x74ec</load_address>
         <run_address>0x74ec</run_address>
         <size>0x1c0</size>
         <input_file_ref idref="fl-108"/>
      </object_component>
      <object_component id="oc-2e9">
         <name>i.HFRE_Open_HandsFree_Server_Port</name>
         <load_address>0x76ac</load_address>
         <run_address>0x76ac</run_address>
         <size>0x1bc</size>
         <input_file_ref idref="fl-108"/>
      </object_component>
      <object_component id="oc-86a">
         <name>i.L2CAP_ConnectRequestEvent</name>
         <load_address>0x7868</load_address>
         <run_address>0x7868</run_address>
         <size>0x1b0</size>
         <input_file_ref idref="fl-fd"/>
      </object_component>
      <object_component id="oc-7ca">
         <name>i.ProcessCommandResponseData_Error</name>
         <load_address>0x7a18</load_address>
         <run_address>0x7a18</run_address>
         <size>0x1b0</size>
         <input_file_ref idref="fl-108"/>
      </object_component>
      <object_component id="oc-7ec">
         <name>i.ProcessCommandResponseData_NetworkOperatorSelection</name>
         <load_address>0x7bc8</load_address>
         <run_address>0x7bc8</run_address>
         <size>0x1b0</size>
         <input_file_ref idref="fl-108"/>
      </object_component>
      <object_component id="oc-3f5">
         <name>i.SCO_Initialize</name>
         <load_address>0x7d78</load_address>
         <run_address>0x7d78</run_address>
         <size>0x1ac</size>
         <input_file_ref idref="fl-ff"/>
      </object_component>
      <object_component id="oc-75a">
         <name>i.ProcessServiceAttributeRequest</name>
         <load_address>0x7f24</load_address>
         <run_address>0x7f24</run_address>
         <size>0x1aa</size>
         <input_file_ref idref="fl-100"/>
      </object_component>
      <object_component id="oc-403">
         <name>i.OTP_Cleanup</name>
         <load_address>0x80ce</load_address>
         <run_address>0x80ce</run_address>
         <size>0x2</size>
         <input_file_ref idref="fl-102"/>
      </object_component>
      <object_component id="oc-3f7">
         <name>i.L2CAP_Initialize</name>
         <load_address>0x80d0</load_address>
         <run_address>0x80d0</run_address>
         <size>0x1a0</size>
         <input_file_ref idref="fl-fd"/>
      </object_component>
      <object_component id="oc-756">
         <name>i.ProcessServiceSearchRequest</name>
         <load_address>0x8270</load_address>
         <run_address>0x8270</run_address>
         <size>0x19c</size>
         <input_file_ref idref="fl-100"/>
      </object_component>
      <object_component id="oc-74a">
         <name>i._L2CA_Config_Request</name>
         <load_address>0x840c</load_address>
         <run_address>0x840c</run_address>
         <size>0x190</size>
         <input_file_ref idref="fl-fd"/>
      </object_component>
      <object_component id="oc-2bf">
         <name>i.GAP_Set_Discoverability_Mode</name>
         <load_address>0x859c</load_address>
         <run_address>0x859c</run_address>
         <size>0x18c</size>
         <input_file_ref idref="fl-fa"/>
      </object_component>
      <object_component id="oc-79e">
         <name>i.RFCOMMServerSABMMessageHandler</name>
         <load_address>0x8728</load_address>
         <run_address>0x8728</run_address>
         <size>0x188</size>
         <input_file_ref idref="fl-fe"/>
      </object_component>
      <object_component id="oc-4b5">
         <name>i.SPP_Register_SDP_Record</name>
         <load_address>0x88b0</load_address>
         <run_address>0x88b0</run_address>
         <size>0x184</size>
         <input_file_ref idref="fl-101"/>
      </object_component>
      <object_component id="oc-2dc">
         <name>i.GAP_Authentication_Response</name>
         <load_address>0x8a34</load_address>
         <run_address>0x8a34</run_address>
         <size>0x174</size>
         <input_file_ref idref="fl-fa"/>
      </object_component>
      <object_component id="oc-1ef">
         <name>i.HCI_Send_Raw_Command</name>
         <load_address>0x8ba8</load_address>
         <run_address>0x8ba8</run_address>
         <size>0x174</size>
         <input_file_ref idref="fl-fc"/>
      </object_component>
      <object_component id="oc-85c">
         <name>i.ProcessSendQueueData</name>
         <load_address>0x8d1c</load_address>
         <run_address>0x8d1c</run_address>
         <size>0x174</size>
         <input_file_ref idref="fl-fd"/>
      </object_component>
      <object_component id="oc-900">
         <name>i.TWUART_ReceiveBytes</name>
         <load_address>0x8e90</load_address>
         <run_address>0x8e90</run_address>
         <size>0x16c</size>
         <input_file_ref idref="fl-107"/>
      </object_component>
      <object_component id="oc-59c">
         <name>i.HCI_ACL_Data_Callback</name>
         <load_address>0x8ffc</load_address>
         <run_address>0x8ffc</run_address>
         <size>0x168</size>
         <input_file_ref idref="fl-fd"/>
      </object_component>
      <object_component id="oc-91d">
         <name>i.ParseOptionsToAPI</name>
         <load_address>0x9164</load_address>
         <run_address>0x9164</run_address>
         <size>0x164</size>
         <input_file_ref idref="fl-fd"/>
      </object_component>
      <object_component id="oc-7b4">
         <name>i.SendQueuedData</name>
         <load_address>0x92c8</load_address>
         <run_address>0x92c8</run_address>
         <size>0x164</size>
         <input_file_ref idref="fl-101"/>
      </object_component>
      <object_component id="oc-5f9">
         <name>i.HCIInquiryEventHandler</name>
         <load_address>0x942c</load_address>
         <run_address>0x942c</run_address>
         <size>0x160</size>
         <input_file_ref idref="fl-fc"/>
      </object_component>
      <object_component id="oc-7e8">
         <name>i.ProcessCommandResponseData_SupportedFeatures</name>
         <load_address>0x958c</load_address>
         <run_address>0x958c</run_address>
         <size>0x15c</size>
         <input_file_ref idref="fl-108"/>
      </object_component>
      <object_component id="oc-954">
         <name>i.ProcessReceivedPacket</name>
         <load_address>0x96e8</load_address>
         <run_address>0x96e8</run_address>
         <size>0x15a</size>
         <input_file_ref idref="fl-107"/>
      </object_component>
      <object_component id="oc-316">
         <name>i.ReleaseBluetoothStackInformation</name>
         <load_address>0x9842</load_address>
         <run_address>0x9842</run_address>
         <size>0x2</size>
         <input_file_ref idref="fl-f7"/>
      </object_component>
      <object_component id="oc-637">
         <name>i.SDP_Create_Service_Record</name>
         <load_address>0x9844</load_address>
         <run_address>0x9844</run_address>
         <size>0x158</size>
         <input_file_ref idref="fl-100"/>
      </object_component>
      <object_component id="oc-2d8">
         <name>i.GAP_Initiate_Bonding</name>
         <load_address>0x999c</load_address>
         <run_address>0x999c</run_address>
         <size>0x154</size>
         <input_file_ref idref="fl-fa"/>
      </object_component>
      <object_component id="oc-8e1">
         <name>i.ProcessIndicatorSupportedResponse</name>
         <load_address>0x9af0</load_address>
         <run_address>0x9af0</run_address>
         <size>0x152</size>
         <input_file_ref idref="fl-108"/>
      </object_component>
      <object_component id="oc-2eb">
         <name>i.HFRE_Register_HandsFree_SDP_Record</name>
         <load_address>0x9c44</load_address>
         <run_address>0x9c44</run_address>
         <size>0x150</size>
         <input_file_ref idref="fl-108"/>
      </object_component>
      <object_component id="oc-88f">
         <name>i.ParseRecordAttributes</name>
         <load_address>0x9d94</load_address>
         <run_address>0x9d94</run_address>
         <size>0x14a</size>
         <input_file_ref idref="fl-100"/>
      </object_component>
      <object_component id="oc-2cd">
         <name>i.GAP_Perform_Inquiry</name>
         <load_address>0x9ee0</load_address>
         <run_address>0x9ee0</run_address>
         <size>0x144</size>
         <input_file_ref idref="fl-fa"/>
      </object_component>
      <object_component id="oc-7ee">
         <name>i.ProcessCommandResponseData_CallWaitingNotification</name>
         <load_address>0xa024</load_address>
         <run_address>0xa024</run_address>
         <size>0x144</size>
         <input_file_ref idref="fl-108"/>
      </object_component>
      <object_component id="oc-7f2">
         <name>i.ProcessCommandResponseData_CallerIdentificationNotification</name>
         <load_address>0xa168</load_address>
         <run_address>0xa168</run_address>
         <size>0x140</size>
         <input_file_ref idref="fl-108"/>
      </object_component>
      <object_component id="oc-4b3">
         <name>i.SCO_Connect_Request_Callback</name>
         <load_address>0xa2a8</load_address>
         <run_address>0xa2a8</run_address>
         <size>0x13c</size>
         <input_file_ref idref="fl-108"/>
      </object_component>
      <object_component id="oc-868">
         <name>i.L2CAP_RequestTimeout</name>
         <load_address>0xa3e4</load_address>
         <run_address>0xa3e4</run_address>
         <size>0x13a</size>
         <input_file_ref idref="fl-fd"/>
      </object_component>
      <object_component id="oc-71f">
         <name>i.LP_ConnectCfm</name>
         <load_address>0xa51e</load_address>
         <run_address>0xa51e</run_address>
         <size>0x13a</size>
         <input_file_ref idref="fl-fd"/>
      </object_component>
      <object_component id="oc-615">
         <name>i.SPPServerHandler</name>
         <load_address>0xa658</load_address>
         <run_address>0xa658</run_address>
         <size>0x132</size>
         <input_file_ref idref="fl-101"/>
      </object_component>
      <object_component id="oc-7e4">
         <name>i.ProcessCommandResponseData_VoiceRecognitionActivation</name>
         <load_address>0xa78a</load_address>
         <run_address>0xa78a</run_address>
         <size>0x12e</size>
         <input_file_ref idref="fl-108"/>
      </object_component>
      <object_component id="oc-8dd">
         <name>i.ControlIndicatorRequestResponse</name>
         <load_address>0xa8b8</load_address>
         <run_address>0xa8b8</run_address>
         <size>0x12c</size>
         <input_file_ref idref="fl-108"/>
      </object_component>
      <object_component id="oc-86c">
         <name>i.L2CAP_ConnectResponseEvent</name>
         <load_address>0xa9e4</load_address>
         <run_address>0xa9e4</run_address>
         <size>0x12c</size>
         <input_file_ref idref="fl-fd"/>
      </object_component>
      <object_component id="oc-7de">
         <name>i.ProcessCommandResponseData_IndicatorChangeEvent</name>
         <load_address>0xab10</load_address>
         <run_address>0xab10</run_address>
         <size>0x12a</size>
         <input_file_ref idref="fl-108"/>
      </object_component>
      <object_component id="oc-2e7">
         <name>i.HFRE_Send_Available_Codecs</name>
         <load_address>0xac3c</load_address>
         <run_address>0xac3c</run_address>
         <size>0x120</size>
         <input_file_ref idref="fl-108"/>
      </object_component>
      <object_component id="oc-7d2">
         <name>i.ProcessCommandResponseData_EventReportActivation</name>
         <load_address>0xad5c</load_address>
         <run_address>0xad5c</run_address>
         <size>0x118</size>
         <input_file_ref idref="fl-108"/>
      </object_component>
      <object_component id="oc-7ea">
         <name>i.ProcessCommandResponseData_BluetoothCodecSelect</name>
         <load_address>0xae74</load_address>
         <run_address>0xae74</run_address>
         <size>0x110</size>
         <input_file_ref idref="fl-108"/>
      </object_component>
      <object_component id="oc-8e7">
         <name>i.ProcessSubscriberNumberInformationData</name>
         <load_address>0xaf84</load_address>
         <run_address>0xaf84</run_address>
         <size>0x10e</size>
         <input_file_ref idref="fl-108"/>
      </object_component>
      <object_component id="oc-882">
         <name>i.L2CAP_ConfigRequestResponse</name>
         <load_address>0xb092</load_address>
         <run_address>0xb092</run_address>
         <size>0x10a</size>
         <input_file_ref idref="fl-fd"/>
      </object_component>
      <object_component id="oc-959">
         <name>i.CheckQueuedDataWrite</name>
         <load_address>0xb19c</load_address>
         <run_address>0xb19c</run_address>
         <size>0x104</size>
         <input_file_ref idref="fl-fd"/>
      </object_component>
      <object_component id="oc-7da">
         <name>i.ProcessCommandResponseData_BluetoothAvailableCodecs</name>
         <load_address>0xb2a0</load_address>
         <run_address>0xb2a0</run_address>
         <size>0x104</size>
         <input_file_ref idref="fl-108"/>
      </object_component>
      <object_component id="oc-631">
         <name>i.SPP_Data_Read</name>
         <load_address>0xb3a4</load_address>
         <run_address>0xb3a4</run_address>
         <size>0x100</size>
         <input_file_ref idref="fl-101"/>
      </object_component>
      <object_component id="oc-476">
         <name>i.GAPBondingEventHandler</name>
         <load_address>0xb4a4</load_address>
         <run_address>0xb4a4</run_address>
         <size>0xfe</size>
         <input_file_ref idref="fl-fa"/>
      </object_component>
      <object_component id="oc-956">
         <name>i.SendDataPacket</name>
         <load_address>0xb5a2</load_address>
         <run_address>0xb5a2</run_address>
         <size>0xfe</size>
         <input_file_ref idref="fl-fc"/>
      </object_component>
      <object_component id="oc-567">
         <name>i.OpenComm</name>
         <load_address>0xb6a0</load_address>
         <run_address>0xb6a0</run_address>
         <size>0xfc</size>
         <input_file_ref idref="fl-105"/>
      </object_component>
      <object_component id="oc-458">
         <name>i.SCO_Close_Connection</name>
         <load_address>0xb79c</load_address>
         <run_address>0xb79c</run_address>
         <size>0xfc</size>
         <input_file_ref idref="fl-ff"/>
      </object_component>
      <object_component id="oc-7e2">
         <name>i.ProcessCommandResponseData_AttachPhoneNumber</name>
         <load_address>0xb898</load_address>
         <run_address>0xb898</run_address>
         <size>0xfa</size>
         <input_file_ref idref="fl-108"/>
      </object_component>
      <object_component id="oc-77a">
         <name>i._RFCOMM_Send_Data_With_Credits</name>
         <load_address>0xb992</load_address>
         <run_address>0xb992</run_address>
         <size>0xfa</size>
         <input_file_ref idref="fl-fe"/>
      </object_component>
      <object_component id="oc-301">
         <name>i.HFRE_Send_Call_Holding_Multiparty_Selection</name>
         <load_address>0xba8c</load_address>
         <run_address>0xba8c</run_address>
         <size>0xf8</size>
         <input_file_ref idref="fl-108"/>
      </object_component>
      <object_component id="oc-594">
         <name>i._HCI_Event_Callback</name>
         <load_address>0xbb84</load_address>
         <run_address>0xbb84</run_address>
         <size>0xf6</size>
         <input_file_ref idref="fl-ff"/>
      </object_component>
      <object_component id="oc-709">
         <name>i.LP_ConnectCfmNeg</name>
         <load_address>0xbc7a</load_address>
         <run_address>0xbc7a</run_address>
         <size>0xf4</size>
         <input_file_ref idref="fl-fd"/>
      </object_component>
      <object_component id="oc-4a3">
         <name>i.SPP_Open_Server_Port</name>
         <load_address>0xbd70</load_address>
         <run_address>0xbd70</run_address>
         <size>0xf4</size>
         <input_file_ref idref="fl-101"/>
      </object_component>
      <object_component id="oc-89d">
         <name>i.RFCOMM_Data_Write</name>
         <load_address>0xbe64</load_address>
         <run_address>0xbe64</run_address>
         <size>0xf2</size>
         <input_file_ref idref="fl-fe"/>
      </object_component>
      <object_component id="oc-2f5">
         <name>i.HFRE_Enable_Remote_Call_Line_Identification_Notification</name>
         <load_address>0xbf58</load_address>
         <run_address>0xbf58</run_address>
         <size>0xf0</size>
         <input_file_ref idref="fl-108"/>
      </object_component>
      <object_component id="oc-8cd">
         <name>i.HFRE_Enable_Remote_Indicator_Event_Notification</name>
         <load_address>0xc048</load_address>
         <run_address>0xc048</run_address>
         <size>0xf0</size>
         <input_file_ref idref="fl-108"/>
      </object_component>
      <object_component id="oc-806">
         <name>i.ParseAPIUUIDs</name>
         <load_address>0xc138</load_address>
         <run_address>0xc138</run_address>
         <size>0xf0</size>
         <input_file_ref idref="fl-100"/>
      </object_component>
      <object_component id="oc-4b7">
         <name>i.SDP_Add_Attribute</name>
         <load_address>0xc228</load_address>
         <run_address>0xc228</run_address>
         <size>0xf0</size>
         <input_file_ref idref="fl-100"/>
      </object_component>
      <object_component id="oc-5e4">
         <name>i.L2CA_Get_Link_Connection_State</name>
         <load_address>0xc318</load_address>
         <run_address>0xc318</run_address>
         <size>0xee</size>
         <input_file_ref idref="fl-fd"/>
      </object_component>
      <object_component id="oc-717">
         <name>i.LP_DisconnectCfm</name>
         <load_address>0xc406</load_address>
         <run_address>0xc406</run_address>
         <size>0xec</size>
         <input_file_ref idref="fl-fd"/>
      </object_component>
      <object_component id="oc-758">
         <name>i.ParseAttributeIDList</name>
         <load_address>0xc4f2</load_address>
         <run_address>0xc4f2</run_address>
         <size>0xea</size>
         <input_file_ref idref="fl-100"/>
      </object_component>
      <object_component id="oc-5f2">
         <name>.conststring</name>
         <load_address>0xc5dc</load_address>
         <run_address>0xc5dc</run_address>
         <size>0xe8</size>
         <input_file_ref idref="fl-108"/>
      </object_component>
      <object_component id="oc-971">
         <name>i.ProcessTWUARTMessage</name>
         <load_address>0xc6c4</load_address>
         <run_address>0xc6c4</run_address>
         <size>0xe8</size>
         <input_file_ref idref="fl-107"/>
      </object_component>
      <object_component id="oc-6cf">
         <name>i.SendHCIPacketToLowerDriver</name>
         <load_address>0xc7ac</load_address>
         <run_address>0xc7ac</run_address>
         <size>0xe8</size>
         <input_file_ref idref="fl-104"/>
      </object_component>
      <object_component id="oc-2f7">
         <name>i.HFRE_Enable_Remote_Call_Waiting_Notification</name>
         <load_address>0xc894</load_address>
         <run_address>0xc894</run_address>
         <size>0xe4</size>
         <input_file_ref idref="fl-108"/>
      </object_component>
      <object_component id="oc-5f3">
         <name>i.HFRE_Close_Port</name>
         <load_address>0xc978</load_address>
         <run_address>0xc978</run_address>
         <size>0xe0</size>
         <input_file_ref idref="fl-108"/>
      </object_component>
      <object_component id="oc-62b">
         <name>i.ProcessInputStream</name>
         <load_address>0xca58</load_address>
         <run_address>0xca58</run_address>
         <size>0xe0</size>
         <input_file_ref idref="fl-108"/>
      </object_component>
      <object_component id="oc-878">
         <name>i.L2CAP_InformationRequestResponse</name>
         <load_address>0xcb38</load_address>
         <run_address>0xcb38</run_address>
         <size>0xde</size>
         <input_file_ref idref="fl-fd"/>
      </object_component>
      <object_component id="oc-2ff">
         <name>i.HFRE_Send_Select_Codec</name>
         <load_address>0xcc18</load_address>
         <run_address>0xcc18</run_address>
         <size>0xdc</size>
         <input_file_ref idref="fl-108"/>
      </object_component>
      <object_component id="oc-7a0">
         <name>i.RFCOMMServerPNMessageHandler</name>
         <load_address>0xccf4</load_address>
         <run_address>0xccf4</run_address>
         <size>0xdc</size>
         <input_file_ref idref="fl-fe"/>
      </object_component>
      <object_component id="oc-7b6">
         <name>i.SPP_Send_Break</name>
         <load_address>0xcdd0</load_address>
         <run_address>0xcdd0</run_address>
         <size>0xdc</size>
         <input_file_ref idref="fl-101"/>
      </object_component>
      <object_component id="oc-2e5">
         <name>i.GAP_Query_Remote_Device_Name</name>
         <load_address>0xceac</load_address>
         <run_address>0xceac</run_address>
         <size>0xd8</size>
         <input_file_ref idref="fl-fa"/>
      </object_component>
      <object_component id="oc-2c9">
         <name>i.HFRE_Setup_Audio_Connection</name>
         <load_address>0xcf84</load_address>
         <run_address>0xcf84</run_address>
         <size>0xd8</size>
         <input_file_ref idref="fl-108"/>
      </object_component>
      <object_component id="oc-451">
         <name>i.Initiate_SCO_Connection</name>
         <load_address>0xd05c</load_address>
         <run_address>0xd05c</run_address>
         <size>0xd8</size>
         <input_file_ref idref="fl-108"/>
      </object_component>
      <object_component id="oc-880">
         <name>i.ParseAPIOptions</name>
         <load_address>0xd134</load_address>
         <run_address>0xd134</run_address>
         <size>0xd8</size>
         <input_file_ref idref="fl-fd"/>
      </object_component>
      <object_component id="oc-7d8">
         <name>i.ProcessCommandResponseData_ActivateIndicators</name>
         <load_address>0xd20c</load_address>
         <run_address>0xd20c</run_address>
         <size>0xd8</size>
         <input_file_ref idref="fl-108"/>
      </object_component>
      <object_component id="oc-2c3">
         <name>i.GAP_Set_Pairability_Mode</name>
         <load_address>0xd2e4</load_address>
         <run_address>0xd2e4</run_address>
         <size>0xd6</size>
         <input_file_ref idref="fl-fa"/>
      </object_component>
      <object_component id="oc-752">
         <name>i.ParseServiceSearchPattern</name>
         <load_address>0xd3ba</load_address>
         <run_address>0xd3ba</run_address>
         <size>0xce</size>
         <input_file_ref idref="fl-100"/>
      </object_component>
      <object_component id="oc-5c8">
         <name>i.HandleChannelDisconnection</name>
         <load_address>0xd488</load_address>
         <run_address>0xd488</run_address>
         <size>0xcc</size>
         <input_file_ref idref="fl-fd"/>
      </object_component>
      <object_component id="oc-7d0">
         <name>i.ProcessCommandResponseData_DialPhoneNumber</name>
         <load_address>0xd554</load_address>
         <run_address>0xd554</run_address>
         <size>0xcc</size>
         <input_file_ref idref="fl-108"/>
      </object_component>
      <object_component id="oc-4c8">
         <name>i.ReconfigureComm</name>
         <load_address>0xd620</load_address>
         <run_address>0xd620</run_address>
         <size>0xcc</size>
         <input_file_ref idref="fl-105"/>
      </object_component>
      <object_component id="oc-625">
         <name>i._RFCOMM_Release_Request</name>
         <load_address>0xd6ec</load_address>
         <run_address>0xd6ec</run_address>
         <size>0xcc</size>
         <input_file_ref idref="fl-fe"/>
      </object_component>
      <object_component id="oc-7ac">
         <name>i.SPP_Port_Status</name>
         <load_address>0xd7b8</load_address>
         <run_address>0xd7b8</run_address>
         <size>0xca</size>
         <input_file_ref idref="fl-101"/>
      </object_component>
      <object_component id="oc-8cf">
         <name>i.HFRE_Query_Remote_Call_Holding_Multiparty_Service_Support</name>
         <load_address>0xd884</load_address>
         <run_address>0xd884</run_address>
         <size>0xc8</size>
         <input_file_ref idref="fl-108"/>
      </object_component>
      <object_component id="oc-94e">
         <name>i.SendSLIPPacket</name>
         <load_address>0xd94c</load_address>
         <run_address>0xd94c</run_address>
         <size>0xc8</size>
         <input_file_ref idref="fl-107"/>
      </object_component>
      <object_component id="oc-928">
         <name>i._L2CA_Enhanced_Data_Write</name>
         <load_address>0xda14</load_address>
         <run_address>0xda14</run_address>
         <size>0xc8</size>
         <input_file_ref idref="fl-fd"/>
      </object_component>
      <object_component id="oc-7a2">
         <name>i._RFCOMM_Parameter_Negotiation_Response</name>
         <load_address>0xdadc</load_address>
         <run_address>0xdadc</run_address>
         <size>0xc8</size>
         <input_file_ref idref="fl-fe"/>
      </object_component>
      <object_component id="oc-727">
         <name>i.L2CAP_ConnectRequestResponse</name>
         <load_address>0xdba4</load_address>
         <run_address>0xdba4</run_address>
         <size>0xc4</size>
         <input_file_ref idref="fl-fd"/>
      </object_component>
      <object_component id="oc-7ce">
         <name>i.ProcessCommandResponseData_MemoryDialing</name>
         <load_address>0xdc68</load_address>
         <run_address>0xdc68</run_address>
[...]
         <value>0x143c9</value>
         <object_component_ref idref="oc-428"/>
      </symbol>
      <symbol id="sm-18dd">
         <name>_HCI_Write_Encryption_Mode</name>
         <value>0x143f5</value>
         <object_component_ref idref="oc-897"/>
      </symbol>
      <symbol id="sm-18de">
         <name>_HCI_Write_Link_Supervision_Timeout</name>
         <value>0x13c55</value>
         <object_component_ref idref="oc-884"/>
      </symbol>
      <symbol id="sm-18df">
         <name>_HCI_Write_Scan_Enable</name>
         <value>0x14421</value>
         <object_component_ref idref="oc-38e"/>
      </symbol>
      <symbol id="sm-18e0">
         <name>_HCI_Write_Simple_Pairing_Mode</name>
         <value>0x1444d</value>
         <object_component_ref idref="oc-443"/>
      </symbol>
      <symbol id="sm-1a1d">
         <name>L2CAP_Cleanup</name>
         <value>0x117a9</value>
         <object_component_ref idref="oc-411"/>
      </symbol>
      <symbol id="sm-1a1e">
         <name>L2CAP_Initialize</name>
         <value>0x80d1</value>
         <object_component_ref idref="oc-3f7"/>
      </symbol>
      <symbol id="sm-1a1f">
         <name>L2CA_Get_Link_Connection_State</name>
         <value>0xc319</value>
         <object_component_ref idref="oc-5e4"/>
      </symbol>
      <symbol id="sm-1a20">
         <name>L2CA_Set_Link_Connection_Configuration</name>
         <value>0x12fff</value>
         <object_component_ref idref="oc-2b0"/>
      </symbol>
      <symbol id="sm-1a21">
         <name>_L2CA_Config_Request</name>
         <value>0x840d</value>
         <object_component_ref idref="oc-74a"/>
      </symbol>
      <symbol id="sm-1a22">
         <name>_L2CA_Config_Response</name>
         <value>0x10607</value>
         <object_component_ref idref="oc-74c"/>
      </symbol>
      <symbol id="sm-1a23">
         <name>_L2CA_Connect_Response</name>
         <value>0xe6b1</value>
         <object_component_ref idref="oc-744"/>
      </symbol>
      <symbol id="sm-1a24">
         <name>_L2CA_Data_Write</name>
         <value>0x15307</value>
         <object_component_ref idref="oc-893"/>
      </symbol>
      <symbol id="sm-1a25">
         <name>_L2CA_Disconnect_Request</name>
         <value>0xf8c3</value>
         <object_component_ref idref="oc-762"/>
      </symbol>
      <symbol id="sm-1a26">
         <name>_L2CA_Disconnect_Response</name>
         <value>0x14c45</value>
         <object_component_ref idref="oc-750"/>
      </symbol>
      <symbol id="sm-1a27">
         <name>_L2CA_Enhanced_Data_Write</name>
         <value>0xda15</value>
         <object_component_ref idref="oc-928"/>
      </symbol>
      <symbol id="sm-1a28">
         <name>_L2CA_Flush_Channel_Data</name>
         <value>0x1157f</value>
         <object_component_ref idref="oc-89b"/>
      </symbol>
      <symbol id="sm-1a29">
         <name>_L2CA_Register_PSM</name>
         <value>0x11881</value>
         <object_component_ref idref="oc-5a0"/>
      </symbol>
      <symbol id="sm-1af6">
         <name>RFCOMM_Cleanup</name>
         <value>0x14345</value>
         <object_component_ref idref="oc-40b"/>
      </symbol>
      <symbol id="sm-1af7">
         <name>RFCOMM_Initialize</name>
         <value>0xdf71</value>
         <object_component_ref idref="oc-3fb"/>
      </symbol>
      <symbol id="sm-1af8">
         <name>_RFCOMM_Line_Status_Change</name>
         <value>0x12cc9</value>
         <object_component_ref idref="oc-8c1"/>
      </symbol>
      <symbol id="sm-1af9">
         <name>_RFCOMM_Modem_Status</name>
         <value>0xf959</value>
         <object_component_ref idref="oc-8bf"/>
      </symbol>
      <symbol id="sm-1afa">
         <name>_RFCOMM_Open_Response</name>
         <value>0xeab3</value>
         <object_component_ref idref="oc-7a6"/>
      </symbol>
      <symbol id="sm-1afb">
         <name>_RFCOMM_Parameter_Negotiation_Response</name>
         <value>0xdadd</value>
         <object_component_ref idref="oc-7a2"/>
      </symbol>
      <symbol id="sm-1afc">
         <name>_RFCOMM_Register_Server_Channel</name>
         <value>0xf669</value>
         <object_component_ref idref="oc-60f"/>
      </symbol>
      <symbol id="sm-1afd">
         <name>_RFCOMM_Release_Request</name>
         <value>0xd6ed</value>
         <object_component_ref idref="oc-625"/>
      </symbol>
      <symbol id="sm-1afe">
         <name>_RFCOMM_Remote_Port_Negotiation_Response</name>
         <value>0x10253</value>
         <object_component_ref idref="oc-7fe"/>
      </symbol>
      <symbol id="sm-1aff">
         <name>_RFCOMM_Send_Credits</name>
         <value>0x15315</value>
         <object_component_ref idref="oc-7b2"/>
      </symbol>
      <symbol id="sm-1b00">
         <name>_RFCOMM_Send_Data</name>
         <value>0x152e9</value>
         <object_component_ref idref="oc-77c"/>
      </symbol>
      <symbol id="sm-1b01">
         <name>_RFCOMM_Send_Data_With_Credits</name>
         <value>0xb993</value>
         <object_component_ref idref="oc-77a"/>
      </symbol>
      <symbol id="sm-1b02">
         <name>_RFCOMM_Set_System_Parameters</name>
         <value>0x12d11</value>
         <object_component_ref idref="oc-5ac"/>
      </symbol>
      <symbol id="sm-1b03">
         <name>_RFCOMM_Un_Register_Server_Channel</name>
         <value>0x14267</value>
         <object_component_ref idref="oc-613"/>
      </symbol>
      <symbol id="sm-1b63">
         <name>SCO_Accept_Synchronous_Connection</name>
         <value>0x50fb</value>
         <object_component_ref idref="oc-635"/>
      </symbol>
      <symbol id="sm-1b64">
         <name>SCO_Add_Connection</name>
         <value>0x10581</value>
         <object_component_ref idref="oc-5f0"/>
      </symbol>
      <symbol id="sm-1b65">
         <name>SCO_Cleanup</name>
         <value>0x101c9</value>
         <object_component_ref idref="oc-40f"/>
      </symbol>
      <symbol id="sm-1b66">
         <name>SCO_Close_Connection</name>
         <value>0xb79d</value>
         <object_component_ref idref="oc-458"/>
      </symbol>
      <symbol id="sm-1b67">
         <name>SCO_Initialize</name>
         <value>0x7d79</value>
         <object_component_ref idref="oc-3f5"/>
      </symbol>
      <symbol id="sm-1b68">
         <name>SCO_Query_Data_Format</name>
         <value>0x12a79</value>
         <object_component_ref idref="oc-5ec"/>
      </symbol>
      <symbol id="sm-1b69">
         <name>SCO_Register_Synchronous_Connect_Request_Callback</name>
         <value>0x15391</value>
         <object_component_ref idref="oc-4a5"/>
      </symbol>
      <symbol id="sm-1b6a">
         <name>SCO_Setup_Synchronous_Connection</name>
         <value>0x4989</value>
         <object_component_ref idref="oc-5ee"/>
      </symbol>
      <symbol id="sm-1b6b">
         <name>SCO_Un_Register_Callback</name>
         <value>0x11bbf</value>
         <object_component_ref idref="oc-4a9"/>
      </symbol>
      <symbol id="sm-1c26">
         <name>SDP_Add_Attribute</name>
         <value>0xc229</value>
         <object_component_ref idref="oc-4b7"/>
      </symbol>
      <symbol id="sm-1c27">
         <name>SDP_Cleanup</name>
         <value>0x12eb1</value>
         <object_component_ref idref="oc-40d"/>
      </symbol>
      <symbol id="sm-1c28">
         <name>SDP_Create_Service_Record</name>
         <value>0x9845</value>
         <object_component_ref idref="oc-637"/>
      </symbol>
      <symbol id="sm-1c29">
         <name>SDP_Delete_Service_Record</name>
         <value>0x120f1</value>
         <object_component_ref idref="oc-2ef"/>
      </symbol>
      <symbol id="sm-1c2a">
         <name>SDP_Initialize</name>
         <value>0xe965</value>
         <object_component_ref idref="oc-3f9"/>
      </symbol>
      <symbol id="sm-1c2b">
         <name>WriteDataElementSequenceHeader</name>
         <value>0x121a5</value>
         <object_component_ref idref="oc-809"/>
      </symbol>
      <symbol id="sm-1ca8">
         <name>SPP_Cleanup</name>
         <value>0x1459f</value>
         <object_component_ref idref="oc-407"/>
      </symbol>
      <symbol id="sm-1ca9">
         <name>SPP_Close_Port</name>
         <value>0x13105</value>
         <object_component_ref idref="oc-629"/>
      </symbol>
      <symbol id="sm-1caa">
         <name>SPP_Close_Server_Port</name>
         <value>0x118ed</value>
         <object_component_ref idref="oc-4ab"/>
      </symbol>
      <symbol id="sm-1cab">
         <name>SPP_Data_Read</name>
         <value>0xb3a5</value>
         <object_component_ref idref="oc-631"/>
      </symbol>
      <symbol id="sm-1cac">
         <name>SPP_Data_Write</name>
         <value>0x5579</value>
         <object_component_ref idref="oc-5ea"/>
      </symbol>
      <symbol id="sm-1cad">
         <name>SPP_Initialize</name>
         <value>0x103ed</value>
         <object_component_ref idref="oc-3ff"/>
      </symbol>
      <symbol id="sm-1cae">
         <name>SPP_Line_Status</name>
         <value>0x10a21</value>
         <object_component_ref idref="oc-7b8"/>
      </symbol>
      <symbol id="sm-1caf">
         <name>SPP_Open_Server_Port</name>
         <value>0xbd71</value>
         <object_component_ref idref="oc-4a3"/>
      </symbol>
      <symbol id="sm-1cb0">
         <name>SPP_Port_Status</name>
         <value>0xd7b9</value>
         <object_component_ref idref="oc-7ac"/>
      </symbol>
      <symbol id="sm-1cb1">
         <name>SPP_Register_SDP_Record</name>
         <value>0x88b1</value>
         <object_component_ref idref="oc-4b5"/>
      </symbol>
      <symbol id="sm-1cb2">
         <name>SPP_Respond_Port_Information</name>
         <value>0x11e69</value>
         <object_component_ref idref="oc-633"/>
      </symbol>
      <symbol id="sm-1cb3">
         <name>SPP_Send_Break</name>
         <value>0xcdd1</value>
         <object_component_ref idref="oc-7b6"/>
      </symbol>
      <symbol id="sm-1cbb">
         <name>OTP_Cleanup</name>
         <value>0x80cf</value>
         <object_component_ref idref="oc-403"/>
      </symbol>
      <symbol id="sm-1cbc">
         <name>OTP_Initialize</name>
         <value>0x1540b</value>
         <object_component_ref idref="oc-415"/>
      </symbol>
      <symbol id="sm-1cd1">
         <name>CleanupCertificateModule</name>
         <value>0x57b3</value>
         <object_component_ref idref="oc-3f3"/>
      </symbol>
      <symbol id="sm-1cd2">
         <name>GetAccess</name>
         <value>0x14ae3</value>
         <object_component_ref idref="oc-3f1"/>
      </symbol>
      <symbol id="sm-1cd3">
         <name>GetCertCurrentDate</name>
         <value>0x153fb</value>
         <object_component_ref idref="oc-3ef"/>
      </symbol>
      <symbol id="sm-1cd4">
         <name>GetCertLength</name>
         <value>0x153ff</value>
         <object_component_ref idref="oc-3eb"/>
      </symbol>
      <symbol id="sm-1cd5">
         <name>GetCertPtr</name>
         <value>0x1539d</value>
         <object_component_ref idref="oc-3ed"/>
      </symbol>
      <symbol id="sm-1cd6">
         <name>InitializeCertificateModule</name>
         <value>0x15407</value>
         <object_component_ref idref="oc-3e9"/>
      </symbol>
      <symbol id="sm-1d33">
         <name>HCI_CancelPacket</name>
         <value>0x11da9</value>
         <object_component_ref idref="oc-54b"/>
      </symbol>
      <symbol id="sm-1d34">
         <name>HCI_ChangeSCOConfiguration</name>
         <value>0x12c39</value>
         <object_component_ref idref="oc-703"/>
      </symbol>
      <symbol id="sm-1d35">
         <name>HCI_ChangeSCOConfigurationHandles</name>
         <value>0x13d79</value>
         <object_component_ref idref="oc-705"/>
      </symbol>
      <symbol id="sm-1d36">
         <name>HCI_CloseDriver</name>
         <value>0xe601</value>
         <object_component_ref idref="oc-419"/>
      </symbol>
      <symbol id="sm-1d37">
         <name>HCI_OpenDriver</name>
         <value>0xdeb1</value>
         <object_component_ref idref="oc-3df"/>
      </symbol>
      <symbol id="sm-1d38">
         <name>HCI_ProcessHCIDriverInformation</name>
         <value>0x132b5</value>
         <object_component_ref idref="oc-547"/>
      </symbol>
      <symbol id="sm-1d39">
         <name>HCI_ReconfigureDriver</name>
         <value>0x11f25</value>
         <object_component_ref idref="oc-314"/>
      </symbol>
      <symbol id="sm-1d3a">
         <name>HCI_RegisterACLDataCallback</name>
         <value>0x1535f</value>
         <object_component_ref idref="oc-573"/>
      </symbol>
      <symbol id="sm-1d3b">
         <name>HCI_RegisterEventCallback</name>
         <value>0x15369</value>
         <object_component_ref idref="oc-571"/>
      </symbol>
      <symbol id="sm-1d3c">
         <name>HCI_RegisterSCODataCallback</name>
         <value>0x15373</value>
         <object_component_ref idref="oc-575"/>
      </symbol>
      <symbol id="sm-1d3d">
         <name>HCI_SendPacket</name>
         <value>0xee85</value>
         <object_component_ref idref="oc-545"/>
      </symbol>
      <symbol id="sm-1d3e">
         <name>HCI_UnRegisterCallback</name>
         <value>0x11f81</value>
         <object_component_ref idref="oc-57d"/>
      </symbol>
      <symbol id="sm-1d8d">
         <name>ChangeCommSCOConfiguration</name>
         <value>0x13cb9</value>
         <object_component_ref idref="oc-854"/>
      </symbol>
      <symbol id="sm-1d8e">
         <name>CleanupCOMMList</name>
         <value>0x12bf1</value>
         <object_component_ref idref="oc-5da"/>
      </symbol>
      <symbol id="sm-1d8f">
         <name>CloseComm</name>
         <value>0x12da1</value>
         <object_component_ref idref="oc-569"/>
      </symbol>
      <symbol id="sm-1d90">
         <name>InitializeCOMMList</name>
         <value>0x14e61</value>
         <object_component_ref idref="oc-563"/>
      </symbol>
      <symbol id="sm-1d91">
         <name>OpenComm</name>
         <value>0xb6a1</value>
         <object_component_ref idref="oc-567"/>
      </symbol>
      <symbol id="sm-1d92">
         <name>ProcessComm</name>
         <value>0x14a55</value>
         <object_component_ref idref="oc-6d5"/>
      </symbol>
      <symbol id="sm-1d93">
         <name>ReconfigureComm</name>
         <value>0xd621</value>
         <object_component_ref idref="oc-4c8"/>
      </symbol>
      <symbol id="sm-1d94">
         <name>SendCommPacket</name>
         <value>0xe1ad</value>
         <object_component_ref idref="oc-84c"/>
      </symbol>
      <symbol id="sm-1dbc">
         <name>HCILL_Initialize</name>
         <value>0x1454b</value>
         <object_component_ref idref="oc-80b"/>
      </symbol>
      <symbol id="sm-1dbd">
         <name>HCILL_ReceiveBytes</name>
         <value>0x10921</value>
         <object_component_ref idref="oc-8f6"/>
      </symbol>
      <symbol id="sm-1dbe">
         <name>HCILL_Reconfigure</name>
         <value>0x14bc5</value>
         <object_component_ref idref="oc-8f0"/>
      </symbol>
      <symbol id="sm-1dbf">
         <name>HCILL_Resynchronize</name>
         <value>0x15355</value>
         <object_component_ref idref="oc-8f2"/>
      </symbol>
      <symbol id="sm-1dc0">
         <name>HCILL_Shutdown</name>
         <value>0x14be5</value>
         <object_component_ref idref="oc-8ee"/>
      </symbol>
      <symbol id="sm-1dc1">
         <name>HCILL_TransmitBytes</name>
         <value>0x10365</value>
         <object_component_ref idref="oc-8f4"/>
      </symbol>
      <symbol id="sm-1e38">
         <name>TWUART_Initialize</name>
         <value>0xe8b9</value>
         <object_component_ref idref="oc-80d"/>
      </symbol>
      <symbol id="sm-1e39">
         <name>TWUART_ReceiveBytes</name>
         <value>0x8e91</value>
         <object_component_ref idref="oc-900"/>
      </symbol>
      <symbol id="sm-1e3a">
         <name>TWUART_Reconfigure</name>
         <value>0xfde9</value>
         <object_component_ref idref="oc-8fa"/>
      </symbol>
      <symbol id="sm-1e3b">
         <name>TWUART_Resynchronize</name>
         <value>0x12361</value>
         <object_component_ref idref="oc-8fc"/>
      </symbol>
      <symbol id="sm-1e3c">
         <name>TWUART_Shutdown</name>
         <value>0x14181</value>
         <object_component_ref idref="oc-8f8"/>
      </symbol>
      <symbol id="sm-1e3d">
         <name>TWUART_TransmitBytes</name>
         <value>0xf063</value>
         <object_component_ref idref="oc-8fe"/>
      </symbol>
      <symbol id="sm-1f8f">
         <name>HFRE_Answer_Incoming_Call</name>
         <value>0xef25</value>
         <object_component_ref idref="oc-2f1"/>
      </symbol>
      <symbol id="sm-1f90">
         <name>HFRE_Close_Port</name>
         <value>0xc979</value>
         <object_component_ref idref="oc-5f3"/>
      </symbol>
      <symbol id="sm-1f91">
         <name>HFRE_Close_Server_Port</name>
         <value>0xe761</value>
         <object_component_ref idref="oc-2ed"/>
      </symbol>
      <symbol id="sm-1f92">
         <name>HFRE_Enable_Remote_Call_Line_Identification_Notification</name>
         <value>0xbf59</value>
         <object_component_ref idref="oc-2f5"/>
      </symbol>
      <symbol id="sm-1f93">
         <name>HFRE_Enable_Remote_Call_Waiting_Notification</name>
         <value>0xc895</value>
         <object_component_ref idref="oc-2f7"/>
      </symbol>
      <symbol id="sm-1f94">
         <name>HFRE_Enable_Remote_Indicator_Event_Notification</name>
         <value>0xc049</value>
         <object_component_ref idref="oc-8cd"/>
      </symbol>
      <symbol id="sm-1f95">
         <name>HFRE_Hang_Up_Call</name>
         <value>0xeb59</value>
         <object_component_ref idref="oc-2f3"/>
      </symbol>
      <symbol id="sm-1f96">
         <name>HFRE_Open_HandsFree_Server_Port</name>
         <value>0x76ad</value>
         <object_component_ref idref="oc-2e9"/>
      </symbol>
      <symbol id="sm-1f97">
         <name>HFRE_Query_Remote_Call_Holding_Multiparty_Service_Support</name>
         <value>0xd885</value>
         <object_component_ref idref="oc-8cf"/>
      </symbol>
      <symbol id="sm-1f98">
         <name>HFRE_Query_Remote_Control_Indicator_Status</name>
         <value>0xe3e1</value>
         <object_component_ref idref="oc-8cb"/>
      </symbol>
      <symbol id="sm-1f99">
         <name>HFRE_Register_HandsFree_SDP_Record</name>
         <value>0x9c45</value>
         <object_component_ref idref="oc-2eb"/>
      </symbol>
      <symbol id="sm-1f9a">
         <name>HFRE_Release_Audio_Connection</name>
         <value>0x1173d</value>
         <object_component_ref idref="oc-2cb"/>
      </symbol>
      <symbol id="sm-1f9b">
         <name>HFRE_Send_Available_Codecs</name>
         <value>0xac3d</value>
         <object_component_ref idref="oc-2e7"/>
      </symbol>
      <symbol id="sm-1f9c">
         <name>HFRE_Send_Call_Holding_Multiparty_Selection</name>
         <value>0xba8d</value>
         <object_component_ref idref="oc-301"/>
      </symbol>
      <symbol id="sm-1f9d">
         <name>HFRE_Send_Select_Codec</name>
         <value>0xcc19</value>
         <object_component_ref idref="oc-2ff"/>
      </symbol>
      <symbol id="sm-1f9e">
         <name>HFRE_Setup_Audio_Connection</name>
         <value>0xcf85</value>
         <object_component_ref idref="oc-2c9"/>
      </symbol>
      <symbol id="sm-1f9f">
         <name>InitializeHandsFreeModule</name>
         <value>0x14e79</value>
         <object_component_ref idref="oc-49b"/>
      </symbol>
      <symbol id="sm-1fa0">
         <name>__TI_static_base__</name>
         <value>0x0</value>
      </symbol>
      <symbol id="sm-1fa3">
         <name>__mpu_init</name>
         <value>0x0</value>
      </symbol>
      <symbol id="sm-1fa4">
         <name>_system_post_cinit</name>
         <value>0x0</value>
      </symbol>
   </symbol_table>
   <title>Link successful</title>
</link_info>
